Archive member included to satisfy reference by file (symbol)

d:/st/stm32cubeide_1.0.2/stm32cubeide/plugins/com.st.stm32cube.ide.mcu.externaltools.gnu-tools-for-stm32.7-2018-q2-update.win32_1.0.0.201904181610/tools/bin/../lib/gcc/arm-none-eabi/7.3.1/../../../../arm-none-eabi/lib/thumb/v6-m\libstdc++_nano.a(pure.o)
                              Src/rotary-encoder/generic-rotary-encoder.o (__cxa_pure_virtual)
d:/st/stm32cubeide_1.0.2/stm32cubeide/plugins/com.st.stm32cube.ide.mcu.externaltools.gnu-tools-for-stm32.7-2018-q2-update.win32_1.0.0.201904181610/tools/bin/../lib/gcc/arm-none-eabi/7.3.1/../../../../arm-none-eabi/lib/thumb/v6-m\libstdc++_nano.a(eh_terminate.o)
                              d:/st/stm32cubeide_1.0.2/stm32cubeide/plugins/com.st.stm32cube.ide.mcu.externaltools.gnu-tools-for-stm32.7-2018-q2-update.win32_1.0.0.201904181610/tools/bin/../lib/gcc/arm-none-eabi/7.3.1/../../../../arm-none-eabi/lib/thumb/v6-m\libstdc++_nano.a(pure.o) (std::terminate())
d:/st/stm32cubeide_1.0.2/stm32cubeide/plugins/com.st.stm32cube.ide.mcu.externaltools.gnu-tools-for-stm32.7-2018-q2-update.win32_1.0.0.201904181610/tools/bin/../lib/gcc/arm-none-eabi/7.3.1/../../../../arm-none-eabi/lib/thumb/v6-m\libstdc++_nano.a(eh_unex_handler.o)
                              d:/st/stm32cubeide_1.0.2/stm32cubeide/plugins/com.st.stm32cube.ide.mcu.externaltools.gnu-tools-for-stm32.7-2018-q2-update.win32_1.0.0.201904181610/tools/bin/../lib/gcc/arm-none-eabi/7.3.1/../../../../arm-none-eabi/lib/thumb/v6-m\libstdc++_nano.a(eh_terminate.o) (__cxxabiv1::__unexpected_handler)
d:/st/stm32cubeide_1.0.2/stm32cubeide/plugins/com.st.stm32cube.ide.mcu.externaltools.gnu-tools-for-stm32.7-2018-q2-update.win32_1.0.0.201904181610/tools/bin/../lib/gcc/arm-none-eabi/7.3.1/../../../../arm-none-eabi/lib/thumb/v6-m\libstdc++_nano.a(eh_term_handler.o)
                              d:/st/stm32cubeide_1.0.2/stm32cubeide/plugins/com.st.stm32cube.ide.mcu.externaltools.gnu-tools-for-stm32.7-2018-q2-update.win32_1.0.0.201904181610/tools/bin/../lib/gcc/arm-none-eabi/7.3.1/../../../../arm-none-eabi/lib/thumb/v6-m\libstdc++_nano.a(eh_terminate.o) (__cxxabiv1::__terminate_handler)
d:/st/stm32cubeide_1.0.2/stm32cubeide/plugins/com.st.stm32cube.ide.mcu.externaltools.gnu-tools-for-stm32.7-2018-q2-update.win32_1.0.0.201904181610/tools/bin/../lib/gcc/arm-none-eabi/7.3.1/../../../../arm-none-eabi/lib/thumb/v6-m\libc_nano.a(lib_a-abort.o)
                              d:/st/stm32cubeide_1.0.2/stm32cubeide/plugins/com.st.stm32cube.ide.mcu.externaltools.gnu-tools-for-stm32.7-2018-q2-update.win32_1.0.0.201904181610/tools/bin/../lib/gcc/arm-none-eabi/7.3.1/../../../../arm-none-eabi/lib/thumb/v6-m\libstdc++_nano.a(eh_terminate.o) (abort)
d:/st/stm32cubeide_1.0.2/stm32cubeide/plugins/com.st.stm32cube.ide.mcu.externaltools.gnu-tools-for-stm32.7-2018-q2-update.win32_1.0.0.201904181610/tools/bin/../lib/gcc/arm-none-eabi/7.3.1/../../../../arm-none-eabi/lib/thumb/v6-m\libc_nano.a(lib_a-errno.o)
                              Src/syscalls.o (__errno)
d:/st/stm32cubeide_1.0.2/stm32cubeide/plugins/com.st.stm32cube.ide.mcu.externaltools.gnu-tools-for-stm32.7-2018-q2-update.win32_1.0.0.201904181610/tools/bin/../lib/gcc/arm-none-eabi/7.3.1/../../../../arm-none-eabi/lib/thumb/v6-m\libc_nano.a(lib_a-exit.o)
                              d:/st/stm32cubeide_1.0.2/stm32cubeide/plugins/com.st.stm32cube.ide.mcu.externaltools.gnu-tools-for-stm32.7-2018-q2-update.win32_1.0.0.201904181610/tools/bin/../lib/gcc/arm-none-eabi/7.3.1/../../../../arm-none-eabi/lib/thumb/v6-m/crt0.o (exit)
d:/st/stm32cubeide_1.0.2/stm32cubeide/plugins/com.st.stm32cube.ide.mcu.externaltools.gnu-tools-for-stm32.7-2018-q2-update.win32_1.0.0.201904181610/tools/bin/../lib/gcc/arm-none-eabi/7.3.1/../../../../arm-none-eabi/lib/thumb/v6-m\libc_nano.a(lib_a-impure.o)
                              d:/st/stm32cubeide_1.0.2/stm32cubeide/plugins/com.st.stm32cube.ide.mcu.externaltools.gnu-tools-for-stm32.7-2018-q2-update.win32_1.0.0.201904181610/tools/bin/../lib/gcc/arm-none-eabi/7.3.1/../../../../arm-none-eabi/lib/thumb/v6-m\libc_nano.a(lib_a-exit.o) (_global_impure_ptr)
d:/st/stm32cubeide_1.0.2/stm32cubeide/plugins/com.st.stm32cube.ide.mcu.externaltools.gnu-tools-for-stm32.7-2018-q2-update.win32_1.0.0.201904181610/tools/bin/../lib/gcc/arm-none-eabi/7.3.1/../../../../arm-none-eabi/lib/thumb/v6-m\libc_nano.a(lib_a-init.o)
                              d:/st/stm32cubeide_1.0.2/stm32cubeide/plugins/com.st.stm32cube.ide.mcu.externaltools.gnu-tools-for-stm32.7-2018-q2-update.win32_1.0.0.201904181610/tools/bin/../lib/gcc/arm-none-eabi/7.3.1/../../../../arm-none-eabi/lib/thumb/v6-m/crt0.o (__libc_init_array)
d:/st/stm32cubeide_1.0.2/stm32cubeide/plugins/com.st.stm32cube.ide.mcu.externaltools.gnu-tools-for-stm32.7-2018-q2-update.win32_1.0.0.201904181610/tools/bin/../lib/gcc/arm-none-eabi/7.3.1/../../../../arm-none-eabi/lib/thumb/v6-m\libc_nano.a(lib_a-memcpy-stub.o)
                              Src/main.o (memcpy)
[...]
Memory Configuration

Name             Origin             Length             Attributes
RAM              0x0000000020000000 0x0000000000004000 xrw
FLASH            0x0000000008000000 0x0000000000020000 xr
*default*        0x0000000000000000 0xffffffffffffffff

Linker script and memory map

LOAD d:/st/stm32cubeide_1.0.2/stm32cubeide/plugins/com.st.stm32cube.ide.mcu.externaltools.gnu-tools-for-stm32.7-2018-q2-update.win32_1.0.0.201904181610/tools/bin/../lib/gcc/arm-none-eabi/7.3.1/thumb/v6-m/crti.o
LOAD d:/st/stm32cubeide_1.0.2/stm32cubeide/plugins/com.st.stm32cube.ide.mcu.externaltools.gnu-tools-for-stm32.7-2018-q2-update.win32_1.0.0.201904181610/tools/bin/../lib/gcc/arm-none-eabi/7.3.1/thumb/v6-m/crtbegin.o
LOAD d:/st/stm32cubeide_1.0.2/stm32cubeide/plugins/com.st.stm32cube.ide.mcu.externaltools.gnu-tools-for-stm32.7-2018-q2-update.win32_1.0.0.201904181610/tools/bin/../lib/gcc/arm-none-eabi/7.3.1/../../../../arm-none-eabi/lib/thumb/v6-m/crt0.o
LOAD Drivers/STM32F0xx_HAL_Driver/Src/stm32f0xx_hal.o
LOAD Drivers/STM32F0xx_HAL_Driver/Src/stm32f0xx_hal_cortex.o
LOAD Drivers/STM32F0xx_HAL_Driver/Src/stm32f0xx_hal_dma.o
LOAD Drivers/STM32F0xx_HAL_Driver/Src/stm32f0xx_hal_flash.o
LOAD Drivers/STM32F0xx_HAL_Driver/Src/stm32f0xx_hal_flash_ex.o
LOAD Drivers/STM32F0xx_HAL_Driver/Src/stm32f0xx_hal_gpio.o
LOAD Drivers/STM32F0xx_HAL_Driver/Src/stm32f0xx_hal_i2c.o
LOAD Drivers/STM32F0xx_HAL_Driver/Src/stm32f0xx_hal_i2c_ex.o
LOAD Drivers/STM32F0xx_HAL_Driver/Src/stm32f0xx_hal_pwr.o
LOAD Drivers/STM32F0xx_HAL_Driver/Src/stm32f0xx_hal_pwr_ex.o
LOAD Drivers/STM32F0xx_HAL_Driver/Src/stm32f0xx_hal_rcc.o
LOAD Drivers/STM32F0xx_HAL_Driver/Src/stm32f0xx_hal_rcc_ex.o
LOAD Drivers/STM32F0xx_HAL_Driver/Src/stm32f0xx_hal_spi.o
LOAD Drivers/STM32F0xx_HAL_Driver/Src/stm32f0xx_hal_spi_ex.o
LOAD Drivers/STM32F0xx_HAL_Driver/Src/stm32f0xx_hal_tim.o
LOAD Drivers/STM32F0xx_HAL_Driver/Src/stm32f0xx_hal_tim_ex.o
LOAD Drivers/STM32F0xx_HAL_Driver/Src/stm32f0xx_hal_uart.o
LOAD Drivers/STM32F0xx_HAL_Driver/Src/stm32f0xx_hal_uart_ex.o
LOAD Src/main.o
LOAD Src/stm32f0xx_hal_msp.o
LOAD Src/stm32f0xx_it.o
LOAD Src/syscalls.o
LOAD Src/sysmem.o
LOAD Src/system_stm32f0xx.o
LOAD Src/rotary-encoder/generic-rotary-encoder.o
LOAD Src/rotary-encoder/selection-encoder.o
LOAD Src/switch-debouncer/sw-debounce.o
LOAD Src/tft-display-code/gfx.o
LOAD Src/tft-display-code/hspi.o
LOAD Src/tft-display-code/quarter-sorter-specific.o
LOAD Src/tft-display-code/text-box.o
LOAD Startup/startup_stm32f072rbtx.o
START GROUP
LOAD d:/st/stm32cubeide_1.0.2/stm32cubeide/plugins/com.st.stm32cube.ide.mcu.externaltools.gnu-tools-for-stm32.7-2018-q2-update.win32_1.0.0.201904181610/tools/bin/../lib/gcc/arm-none-eabi/7.3.1/../../../../arm-none-eabi/lib/thumb/v6-m\libstdc++_nano.a
LOAD d:/st/stm32cubeide_1.0.2/stm32cubeide/plugins/com.st.stm32cube.ide.mcu.externaltools.gnu-tools-for-stm32.7-2018-q2-update.win32_1.0.0.201904181610/tools/bin/../lib/gcc/arm-none-eabi/7.3.1/../../../../arm-none-eabi/lib/thumb/v6-m\libsupc++_nano.a
END GROUP
LOAD d:/st/stm32cubeide_1.0.2/stm32cubeide/plugins/com.st.stm32cube.ide.mcu.externaltools.gnu-tools-for-stm32.7-2018-q2-update.win32_1.0.0.201904181610/tools/bin/../lib/gcc/arm-none-eabi/7.3.1/../../../../arm-none-eabi/lib/thumb/v6-m\libstdc++_nano.a
LOAD d:/st/stm32cubeide_1.0.2/stm32cubeide/plugins/com.st.stm32cube.ide.mcu.externaltools.gnu-tools-for-stm32.7-2018-q2-update.win32_1.0.0.201904181610/tools/bin/../lib/gcc/arm-none-eabi/7.3.1/../../../../arm-none-eabi/lib/thumb/v6-m\libm.a
LOAD d:/st/stm32cubeide_1.0.2/stm32cubeide/plugins/com.st.stm32cube.ide.mcu.externaltools.gnu-tools-for-stm32.7-2018-q2-update.win32_1.0.0.201904181610/tools/bin/../lib/gcc/arm-none-eabi/7.3.1/../../../../arm-none-eabi/lib/thumb/v6-m\libc_nano.a
START GROUP
LOAD d:/st/stm32cubeide_1.0.2/stm32cubeide/plugins/com.st.stm32cube.ide.mcu.externaltools.gnu-tools-for-stm32.7-2018-q2-update.win32_1.0.0.201904181610/tools/bin/../lib/gcc/arm-none-eabi/7.3.1/thumb/v6-m\libgcc.a
LOAD d:/st/stm32cubeide_1.0.2/stm32cubeide/plugins/com.st.stm32cube.ide.mcu.externaltools.gnu-tools-for-stm32.7-2018-q2-update.win32_1.0.0.201904181610/tools/bin/../lib/gcc/arm-none-eabi/7.3.1/../../../../arm-none-eabi/lib/thumb/v6-m\libc_nano.a
END GROUP
START GROUP
LOAD d:/st/stm32cubeide_1.0.2/stm32cubeide/plugins/com.st.stm32cube.ide.mcu.externaltools.gnu-tools-for-stm32.7-2018-q2-update.win32_1.0.0.201904181610/tools/bin/../lib/gcc/arm-none-eabi/7.3.1/thumb/v6-m\libgcc.a
LOAD d:/st/stm32cubeide_1.0.2/stm32cubeide/plugins/com.st.stm32cube.ide.mcu.externaltools.gnu-tools-for-stm32.7-2018-q2-update.win32_1.0.0.201904181610/tools/bin/../lib/gcc/arm-none-eabi/7.3.1/../../../../arm-none-eabi/lib/thumb/v6-m\libc_nano.a
END GROUP
LOAD d:/st/stm32cubeide_1.0.2/stm32cubeide/plugins/com.st.stm32cube.ide.mcu.externaltools.gnu-tools-for-stm32.7-2018-q2-update.win32_1.0.0.201904181610/tools/bin/../lib/gcc/arm-none-eabi/7.3.1/thumb/v6-m/crtend.o
LOAD d:/st/stm32cubeide_1.0.2/stm32cubeide/plugins/com.st.stm32cube.ide.mcu.externaltools.gnu-tools-for-stm32.7-2018-q2-update.win32_1.0.0.201904181610/tools/bin/../lib/gcc/arm-none-eabi/7.3.1/thumb/v6-m/crtn.o
                0x0000000020004000                _estack = 0x20004000
                0x0000000000000200                _Min_Heap_Size = 0x200
                0x0000000000000400                _Min_Stack_Size = 0x400

.isr_vector     0x0000000008000000       0xc0
                0x0000000008000000                . = ALIGN (0x4)
 *(.isr_vector)
 .isr_vector    0x0000000008000000       0xc0 Startup/startup_stm32f072rbtx.o
                0x0000000008000000                g_pfnVectors
                0x00000000080000c0                . = ALIGN (0x4)

.text           0x00000000080000c0     0x641c
                0x00000000080000c0                . = ALIGN (0x4)
 *(.text)
 .text          0x00000000080000c0       0x48 d:/st/stm32cubeide_1.0.2/stm32cubeide/plugins/com.st.stm32cube.ide.mcu.externaltools.gnu-tools-for-stm32.7-2018-q2-update.win32_1.0.0.201904181610/tools/bin/../lib/gcc/arm-none-eabi/7.3.1/thumb/v6-m/crtbegin.o
 .text          0x0000000008000108      0x114 d:/st/stm32cubeide_1.0.2/stm32cubeide/plugins/com.st.stm32cube.ide.mcu.externaltools.gnu-tools-for-stm32.7-2018-q2-update.win32_1.0.0.201904181610/tools/bin/../lib/gcc/arm-none-eabi/7.3.1/thumb/v6-m\libgcc.a(_udivsi3.o)
                0x0000000008000108                __aeabi_uidiv
                0x0000000008000108                __udivsi3
                0x0000000008000214                __aeabi_uidivmod
 .text          0x000000000800021c      0x1d4 d:/st/stm32cubeide_1.0.2/stm32cubeide/plugins/com.st.stm32cube.ide.mcu.externaltools.gnu-tools-for-stm32.7-2018-q2-update.win32_1.0.0.201904181610/tools/bin/../lib/gcc/arm-none-eabi/7.3.1/thumb/v6-m\libgcc.a(_divsi3.o)
                0x000000000800021c                __divsi3
                0x000000000800021c                __aeabi_idiv
                0x00000000080003e8                __aeabi_idivmod
 .text          0x00000000080003f0        0x4 d:/st/stm32cubeide_1.0.2/stm32cubeide/plugins/com.st.stm32cube.ide.mcu.externaltools.gnu-tools-for-stm32.7-2018-q2-update.win32_1.0.0.201904181610/tools/bin/../lib/gcc/arm-none-eabi/7.3.1/thumb/v6-m\libgcc.a(_dvmd_tls.o)
                0x00000000080003f0                __aeabi_idiv0
                0x00000000080003f0                __aeabi_ldiv0
 .text          0x00000000080003f4       0x30 d:/st/stm32cubeide_1.0.2/stm32cubeide/plugins/com.st.stm32cube.ide.mcu.externaltools.gnu-tools-for-stm32.7-2018-q2-update.win32_1.0.0.201904181610/tools/bin/../lib/gcc/arm-none-eabi/7.3.1/thumb/v6-m\libgcc.a(_fixunssfsi.o)
                0x00000000080003f4                __fixunssfsi
                0x00000000080003f4                __aeabi_f2uiz
 .text          0x0000000008000424      0x334 d:/st/stm32cubeide_1.0.2/stm32cubeide/plugins/com.st.stm32cube.ide.mcu.externaltools.gnu-tools-for-stm32.7-2018-q2-update.win32_1.0.0.201904181610/tools/bin/../lib/gcc/arm-none-eabi/7.3.1/thumb/v6-m\libgcc.a(addsf3.o)
                0x0000000008000424                __aeabi_fadd
 .text          0x0000000008000758      0x224 d:/st/stm32cubeide_1.0.2/stm32cubeide/plugins/com.st.stm32cube.ide.mcu.externaltools.gnu-tools-for-stm32.7-2018-q2-update.win32_1.0.0.201904181610/tools/bin/../lib/gcc/arm-none-eabi/7.3.1/thumb/v6-m\libgcc.a(divsf3.o)
                0x0000000008000758                __aeabi_fdiv
 .text          0x000000000800097c      0x264 d:/st/stm32cubeide_1.0.2/stm32cubeide/plugins/com.st.stm32cube.ide.mcu.externaltools.gnu-tools-for-stm32.7-2018-q2-update.win32_1.0.0.201904181610/tools/bin/../lib/gcc/arm-none-eabi/7.3.1/thumb/v6-m\libgcc.a(mulsf3.o)
                0x000000000800097c                __aeabi_fmul
 .text          0x0000000008000be0      0x388 d:/st/stm32cubeide_1.0.2/stm32cubeide/plugins/com.st.stm32cube.ide.mcu.externaltools.gnu-tools-for-stm32.7-2018-q2-update.win32_1.0.0.201904181610/tools/bin/../lib/gcc/arm-none-eabi/7.3.1/thumb/v6-m\libgcc.a(subsf3.o)
                0x0000000008000be0                __aeabi_fsub
 .text          0x0000000008000f68       0x40 d:/st/stm32cubeide_1.0.2/stm32cubeide/plugins/com.st.stm32cube.ide.mcu.externaltools.gnu-tools-for-stm32.7-2018-q2-update.win32_1.0.0.201904181610/tools/bin/../lib/gcc/arm-none-eabi/7.3.1/thumb/v6-m\libgcc.a(fixsfsi.o)
                0x0000000008000f68                __aeabi_f2iz
 .text          0x0000000008000fa8       0x94 d:/st/stm32cubeide_1.0.2/stm32cubeide/plugins/com.st.stm32cube.ide.mcu.externaltools.gnu-tools-for-stm32.7-2018-q2-update.win32_1.0.0.201904181610/tools/bin/../lib/gcc/arm-none-eabi/7.3.1/thumb/v6-m\libgcc.a(floatsisf.o)
                0x0000000008000fa8                __aeabi_i2f
 .text          0x000000000800103c       0x74 d:/st/stm32cubeide_1.0.2/stm32cubeide/plugins/com.st.stm32cube.ide.mcu.externaltools.gnu-tools-for-stm32.7-2018-q2-update.win32_1.0.0.201904181610/tools/bin/../lib/gcc/arm-none-eabi/7.3.1/thumb/v6-m\libgcc.a(_arm_cmpsf2.o)
                0x000000000800103c                __aeabi_cfrcmple
                0x0000000008001044                __aeabi_cfcmpeq
                0x0000000008001044                __aeabi_cfcmple
                0x0000000008001054                __aeabi_fcmpeq
                0x0000000008001060                __aeabi_fcmplt
                0x0000000008001074                __aeabi_fcmple
                0x0000000008001088                __aeabi_fcmpgt
                0x000000000800109c                __aeabi_fcmpge
 .text          0x00000000080010b0       0x3c d:/st/stm32cubeide_1.0.2/stm32cubeide/plugins/com.st.stm32cube.ide.mcu.externaltools.gnu-tools-for-stm32.7-2018-q2-update.win32_1.0.0.201904181610/tools/bin/../lib/gcc/arm-none-eabi/7.3.1/thumb/v6-m\libgcc.a(_clzsi2.o)
                0x00000000080010b0                __clzsi2
 .text          0x00000000080010ec       0x50 d:/st/stm32cubeide_1.0.2/stm32cubeide/plugins/com.st.stm32cube.ide.mcu.externaltools.gnu-tools-for-stm32.7-2018-q2-update.win32_1.0.0.201904181610/tools/bin/../lib/gcc/arm-none-eabi/7.3.1/thumb/v6-m\libgcc.a(eqsf2.o)
                0x00000000080010ec                __eqsf2
                0x00000000080010ec                __nesf2
 .text          0x000000000800113c       0x9c d:/st/stm32cubeide_1.0.2/stm32cubeide/plugins/com.st.stm32cube.ide.mcu.externaltools.gnu-tools-for-stm32.7-2018-q2-update.win32_1.0.0.201904181610/tools/bin/../lib/gcc/arm-none-eabi/7.3.1/thumb/v6-m\libgcc.a(gesf2.o)
                0x000000000800113c                __gesf2
                0x000000000800113c                __gtsf2
 .text          0x00000000080011d8       0xa0 d:/st/stm32cubeide_1.0.2/stm32cubeide/plugins/com.st.stm32cube.ide.mcu.externaltools.gnu-tools-for-stm32.7-2018-q2-update.win32_1.0.0.201904181610/tools/bin/../lib/gcc/arm-none-eabi/7.3.1/thumb/v6-m\libgcc.a(lesf2.o)
                0x00000000080011d8                __ltsf2
                0x00000000080011d8                __lesf2
 *(.text*)
 .text.HAL_Init
                0x0000000008001278       0x28 Drivers/STM32F0xx_HAL_Driver/Src/stm32f0xx_hal.o
                0x0000000008001278                HAL_Init
 .text.HAL_InitTick
                0x00000000080012a0       0x38 Drivers/STM32F0xx_HAL_Driver/Src/stm32f0xx_hal.o
                0x00000000080012a0                HAL_InitTick
 .text.HAL_IncTick
                0x00000000080012d8       0x18 Drivers/STM32F0xx_HAL_Driver/Src/stm32f0xx_hal.o
                0x00000000080012d8                HAL_IncTick
 .text.HAL_GetTick
                0x00000000080012f0       0x14 Drivers/STM32F0xx_HAL_Driver/Src/stm32f0xx_hal.o
                0x00000000080012f0                HAL_GetTick
 .text.HAL_Delay
                0x0000000008001304       0x3a Drivers/STM32F0xx_HAL_Driver/Src/stm32f0xx_hal.o
                0x0000000008001304                HAL_Delay
 *fill*         0x000000000800133e        0x2 
 .text.NVIC_EnableIRQ
                0x0000000008001340       0x2c Drivers/STM32F0xx_HAL_Driver/Src/stm32f0xx_hal_cortex.o
 .text.NVIC_SetPriority
                0x000000000800136c       0xdc Drivers/STM32F0xx_HAL_Driver/Src/stm32f0xx_hal_cortex.o
 .text.SysTick_Config
                0x0000000008001448       0x48 Drivers/STM32F0xx_HAL_Driver/Src/stm32f0xx_hal_cortex.o
 .text.HAL_NVIC_SetPriority
                0x0000000008001490       0x2a Drivers/STM32F0xx_HAL_Driver/Src/stm32f0xx_hal_cortex.o
                0x0000000008001490                HAL_NVIC_SetPriority
 .text.HAL_NVIC_EnableIRQ
                0x00000000080014ba       0x20 Drivers/STM32F0xx_HAL_Driver/Src/stm32f0xx_hal_cortex.o
                0x00000000080014ba                HAL_NVIC_EnableIRQ
 .text.HAL_SYSTICK_Config
                0x00000000080014da       0x1a Drivers/STM32F0xx_HAL_Driver/Src/stm32f0xx_hal_cortex.o
                0x00000000080014da                HAL_SYSTICK_Config
 .text.HAL_GPIO_Init
                0x00000000080014f4      0x2f8 Drivers/STM32F0xx_HAL_Driver/Src/stm32f0xx_hal_gpio.o
                0x00000000080014f4                HAL_GPIO_Init
 .text.HAL_GPIO_WritePin
                0x00000000080017ec       0x3a Drivers/STM32F0xx_HAL_Driver/Src/stm32f0xx_hal_gpio.o
                0x00000000080017ec                HAL_GPIO_WritePin
 *fill*         0x0000000008001826        0x2 
 .text.HAL_GPIO_EXTI_IRQHandler
                0x0000000008001828       0x38 Drivers/STM32F0xx_HAL_Driver/Src/stm32f0xx_hal_gpio.o
                0x0000000008001828                HAL_GPIO_EXTI_IRQHandler
 .text.HAL_RCC_OscConfig
                0x0000000008001860      0x6c0 Drivers/STM32F0xx_HAL_Driver/Src/stm32f0xx_hal_rcc.o
                0x0000000008001860                HAL_RCC_OscConfig
 .text.HAL_RCC_ClockConfig
                0x0000000008001f20      0x214 Drivers/STM32F0xx_HAL_Driver/Src/stm32f0xx_hal_rcc.o
                0x0000000008001f20                HAL_RCC_ClockConfig
 .text.HAL_RCC_GetSysClockFreq
                0x0000000008002134       0xfc Drivers/STM32F0xx_HAL_Driver/Src/stm32f0xx_hal_rcc.o
                0x0000000008002134                HAL_RCC_GetSysClockFreq
 .text.HAL_RCC_GetHCLKFreq
                0x0000000008002230       0x14 Drivers/STM32F0xx_HAL_Driver/Src/stm32f0xx_hal_rcc.o
                0x0000000008002230                HAL_RCC_GetHCLKFreq
 .text.HAL_RCCEx_PeriphCLKConfig
                0x0000000008002244      0x200 Drivers/STM32F0xx_HAL_Driver/Src/stm32f0xx_hal_rcc_ex.o
                0x0000000008002244                HAL_RCCEx_PeriphCLKConfig
 .text.HAL_SPI_Init
                0x0000000008002444      0x134 Drivers/STM32F0xx_HAL_Driver/Src/stm32f0xx_hal_spi.o
                0x0000000008002444                HAL_SPI_Init
 .text.HAL_SPI_Transmit
                0x0000000008002578      0x2d2 Drivers/STM32F0xx_HAL_Driver/Src/stm32f0xx_hal_spi.o
                0x0000000008002578                HAL_SPI_Transmit
 *fill*         0x000000000800284a        0x2 
 .text.SPI_WaitFlagStateUntilTimeout
                0x000000000800284c       0xdc Drivers/STM32F0xx_HAL_Driver/Src/stm32f0xx_hal_spi.o
 .text.SPI_WaitFifoStateUntilTimeout
                0x0000000008002928       0xf4 Drivers/STM32F0xx_HAL_Driver/Src/stm32f0xx_hal_spi.o
 .text.SPI_EndRxTxTransaction
                0x0000000008002a1c       0x8c Drivers/STM32F0xx_HAL_Driver/Src/stm32f0xx_hal_spi.o
 .text.HAL_TIM_Base_Init
                0x0000000008002aa8       0x58 Drivers/STM32F0xx_HAL_Driver/Src/stm32f0xx_hal_tim.o
                0x0000000008002aa8                HAL_TIM_Base_Init
 .text.TIM_Base_SetConfig
                0x0000000008002b00      0x104 Drivers/STM32F0xx_HAL_Driver/Src/stm32f0xx_hal_tim.o
                0x0000000008002b00                TIM_Base_SetConfig
 .text.HAL_TIMEx_MasterConfigSynchronization
                0x0000000008002c04       0x86 Drivers/STM32F0xx_HAL_Driver/Src/stm32f0xx_hal_tim_ex.o
                0x0000000008002c04                HAL_TIMEx_MasterConfigSynchronization
 *fill*         0x0000000008002c8a        0x2 
 .text.main     0x0000000008002c8c      0x558 Src/main.o
                0x0000000008002c8c                main
 .text._Z18SystemClock_Configv
                0x00000000080031e4       0xbe Src/main.o
                0x00000000080031e4                SystemClock_Config()
 *fill*         0x00000000080032a2        0x2 
 .text._ZL12MX_SPI2_Initv
                0x00000000080032a4       0xb0 Src/main.o
 .text._ZL12MX_TIM6_Initv
                0x0000000008003354       0xa0 Src/main.o
 .text._ZL12MX_GPIO_Initv
                0x00000000080033f4      0x1cc Src/main.o
 .text.Error_Handler
                0x00000000080035c0        0xa Src/main.o
                0x00000000080035c0                Error_Handler
 *fill*         0x00000000080035ca        0x2 
 .text.HAL_MspInit
                0x00000000080035cc       0x48 Src/stm32f0xx_hal_msp.o
                0x00000000080035cc                HAL_MspInit
 .text.HAL_SPI_MspInit
                0x0000000008003614       0xec Src/stm32f0xx_hal_msp.o
                0x0000000008003614                HAL_SPI_MspInit
 .text.HAL_TIM_Base_MspInit
                0x0000000008003700       0x3c Src/stm32f0xx_hal_msp.o
                0x0000000008003700                HAL_TIM_Base_MspInit
 .text.NMI_Handler
                0x000000000800373c        0xa Src/stm32f0xx_it.o
                0x000000000800373c                NMI_Handler
 .text.HardFault_Handler
                0x0000000008003746        0x6 Src/stm32f0xx_it.o
                0x0000000008003746                HardFault_Handler
 .text.SVC_Handler
                0x000000000800374c        0xa Src/stm32f0xx_it.o
                0x000000000800374c                SVC_Handler
 .text.PendSV_Handler
                0x0000000008003756        0xa Src/stm32f0xx_it.o
                0x0000000008003756                PendSV_Handler
 .text.SysTick_Handler
                0x0000000008003760        0xe Src/stm32f0xx_it.o
                0x0000000008003760                SysTick_Handler
 .text.EXTI4_15_IRQHandler
                0x000000000800376e       0x1e Src/stm32f0xx_it.o
                0x000000000800376e                EXTI4_15_IRQHandler
 .text.TIM6_DAC_IRQHandler
                0x000000000800378c       0x3c Src/stm32f0xx_it.o
                0x000000000800378c                TIM6_DAC_IRQHandler
 .text.HAL_GPIO_EXTI_Callback
                0x00000000080037c8       0x64 Src/stm32f0xx_it.o
                0x00000000080037c8                HAL_GPIO_EXTI_Callback
 .text._getpid  0x000000000800382c        0xc Src/syscalls.o
                0x000000000800382c                _getpid
 .text._kill    0x0000000008003838       0x20 Src/syscalls.o
                0x0000000008003838                _kill
 .text._exit    0x0000000008003858       0x18 Src/syscalls.o
                0x0000000008003858                _exit
 .text._sbrk    0x0000000008003870       0x58 Src/sysmem.o
                0x0000000008003870                _sbrk
 .text.SystemInit
                0x00000000080038c8       0x88 Src/system_stm32f0xx.o
                0x00000000080038c8                SystemInit
 .text._ZN14ROTARY_ENCODERC2Eh
                0x0000000008003950       0x38 Src/rotary-encoder/generic-rotary-encoder.o
                0x0000000008003950                ROTARY_ENCODER::ROTARY_ENCODER(unsigned char)
                0x0000000008003950                ROTARY_ENCODER::ROTARY_ENCODER(unsigned char)
 .text._ZN14ROTARY_ENCODER7processEhh
                0x0000000008003988       0xf0 Src/rotary-encoder/generic-rotary-encoder.o
                0x0000000008003988                ROTARY_ENCODER::process(unsigned char, unsigned char)
 .text._ZN12_GLOBAL__N_112stringsEqualEPKcS1_
                0x0000000008003a78       0x5c Src/rotary-encoder/selection-encoder.o
 .text._ZN17SELECTION_ENCODERC2EhP12TFT_TEXT_BOXthPKPKctP21CHOSEN_STATE_TEXT_BOXh
                0x0000000008003ad4       0x94 Src/rotary-encoder/selection-encoder.o
                0x0000000008003ad4                SELECTION_ENCODER::SELECTION_ENCODER(unsigned char, TFT_TEXT_BOX*, unsigned short, unsigned char, char const* const*, unsigned short, CHOSEN_STATE_TEXT_BOX*, unsigned char)
                0x0000000008003ad4                SELECTION_ENCODER::SELECTION_ENCODER(unsigned char, TFT_TEXT_BOX*, unsigned short, unsigned char, char const* const*, unsigned short, CHOSEN_STATE_TEXT_BOX*, unsigned char)
 .text._ZN17SELECTION_ENCODER19getCurrentNameIndexEv
                0x0000000008003b68       0x14 Src/rotary-encoder/selection-encoder.o
                0x0000000008003b68                SELECTION_ENCODER::getCurrentNameIndex()
 .text._ZN17SELECTION_ENCODER19setCurrentNameIndexEt
                0x0000000008003b7c       0x1e Src/rotary-encoder/selection-encoder.o
                0x0000000008003b7c                SELECTION_ENCODER::setCurrentNameIndex(unsigned short)
 .text._ZN17SELECTION_ENCODER23printNextAvailableStateEv
                0x0000000008003b9a       0x1e Src/rotary-encoder/selection-encoder.o
                0x0000000008003b9a                SELECTION_ENCODER::printNextAvailableState()
 .text._ZN17SELECTION_ENCODER20stringAlreadyPresentEPKc
                0x0000000008003bb8       0x62 Src/rotary-encoder/selection-encoder.o
                0x0000000008003bb8                SELECTION_ENCODER::stringAlreadyPresent(char const*)
 .text._ZN17SELECTION_ENCODER6doStepEb
                0x0000000008003c1a       0xbe Src/rotary-encoder/selection-encoder.o
                0x0000000008003c1a                SELECTION_ENCODER::doStep(bool)
 .text._ZN11SW_DEBOUNCE20startCriticalSectionEv
                0x0000000008003cd8       0x20 Src/switch-debouncer/sw-debounce.o
                0x0000000008003cd8                SW_DEBOUNCE::startCriticalSection()
 .text._ZN11SW_DEBOUNCE19stopCriticalSectionEv
                0x0000000008003cf8       0x20 Src/switch-debouncer/sw-debounce.o
                0x0000000008003cf8                SW_DEBOUNCE::stopCriticalSection()
 .text._ZN11SW_DEBOUNCEC2EP12GPIO_TypeDeftmhP11TIM_TypeDef
                0x0000000008003d18       0x7a Src/switch-debouncer/sw-debounce.o
                0x0000000008003d18                SW_DEBOUNCE::SW_DEBOUNCE(GPIO_TypeDef*, unsigned short, unsigned long, unsigned char, TIM_TypeDef*)
                0x0000000008003d18                SW_DEBOUNCE::SW_DEBOUNCE(GPIO_TypeDef*, unsigned short, unsigned long, unsigned char, TIM_TypeDef*)
 *fill*         0x0000000008003d92        0x2 
 .text._ZN11SW_DEBOUNCE7processEv
                0x0000000008003d94       0xdc Src/switch-debouncer/sw-debounce.o
                0x0000000008003d94                SW_DEBOUNCE::process()
 .text._ZN11SW_DEBOUNCE15getCurrentStateEv
                0x0000000008003e70       0x2e Src/switch-debouncer/sw-debounce.o
                0x0000000008003e70                SW_DEBOUNCE::getCurrentState()
 .text._ZN7TFT_GFX11getWordSizeEPKc
                0x0000000008003e9e       0x44 Src/tft-display-code/gfx.o
                0x0000000008003e9e                TFT_GFX::getWordSize(char const*)
 .text._ZN7TFT_GFX11getLineSizeEPKch
                0x0000000008003ee2       0xb4 Src/tft-display-code/gfx.o
                0x0000000008003ee2                TFT_GFX::getLineSize(char const*, unsigned char)
 .text._ZN7TFT_GFX13getStringSizeEPKc
                0x0000000008003f96       0x40 Src/tft-display-code/gfx.o
                0x0000000008003f96                TFT_GFX::getStringSize(char const*)
 .text._ZN7TFT_GFXC2EP11SPI_TypeDef
                0x0000000008003fd6       0x28 Src/tft-display-code/gfx.o
                0x0000000008003fd6                TFT_GFX::TFT_GFX(SPI_TypeDef*)
                0x0000000008003fd6                TFT_GFX::TFT_GFX(SPI_TypeDef*)
 .text._ZN7TFT_GFX13setAddrWindowEtttt
                0x0000000008003ffe       0xc4 Src/tft-display-code/gfx.o
                0x0000000008003ffe                TFT_GFX::setAddrWindow(unsigned short, unsigned short, unsigned short, unsigned short)
 .text._ZN7TFT_GFX10writePixelEsst
                0x00000000080040c2       0x8a Src/tft-display-code/gfx.o
                0x00000000080040c2                TFT_GFX::writePixel(short, short, unsigned short)
 .text._ZN7TFT_GFX13writeFillRectEsssst
                0x000000000800414c      0x1ca Src/tft-display-code/gfx.o
                0x000000000800414c                TFT_GFX::writeFillRect(short, short, short, short, unsigned short)
 .text._ZN7TFT_GFX23writeFillRectPreclippedEsssst
                0x0000000008004316       0x64 Src/tft-display-code/gfx.o
                0x0000000008004316                TFT_GFX::writeFillRectPreclipped(short, short, short, short, unsigned short)
 .text._ZN7TFT_GFX10writeColorEtm
                0x000000000800437a       0x40 Src/tft-display-code/gfx.o
                0x000000000800437a                TFT_GFX::writeColor(unsigned short, unsigned long)
 .text._ZN7TFT_GFX14writeFastVLineEssst
                0x00000000080043ba      0x11e Src/tft-display-code/gfx.o
                0x00000000080043ba                TFT_GFX::writeFastVLine(short, short, short, unsigned short)
 .text._ZN7TFT_GFX8drawCharEsshtthh
                0x00000000080044d8      0x3c8 Src/tft-display-code/gfx.o
                0x00000000080044d8                TFT_GFX::drawChar(short, short, unsigned char, unsigned short, unsigned short, unsigned char, unsigned char)
 .text._ZSt7forwardIRtEOT_RNSt16remove_referenceIS1_E4typeE
                0x00000000080048a0       0x12 Src/tft-display-code/gfx.o
                0x00000000080048a0                unsigned short& std::forward<unsigned short&>(std::remove_reference<unsigned short&>::type&)
 .text._ZNSt4pairIttEC1IRtS2_Lb1EEEOT_OT0_
                0x00000000080048b2       0x36 Src/tft-display-code/gfx.o
                0x00000000080048b2                std::pair<unsigned short, unsigned short>::pair<unsigned short&, unsigned short&, true>(unsigned short&, unsigned short&)
 .text._ZSt9make_pairIRtS0_ESt4pairINSt17__decay_and_stripIT_E6__typeENS2_IT0_E6__typeEEOS3_OS6_
                0x00000000080048e8       0x56 Src/tft-display-code/gfx.o
                0x00000000080048e8                std::pair<std::__decay_and_strip<unsigned short&>::__type, std::__decay_and_strip<unsigned short&>::__type> std::make_pair<unsigned short&, unsigned short&>(unsigned short&, unsigned short&)
 .text._ZN7TFT_GFX10drawStringEssPKctthhtb
                0x000000000800493e      0x304 Src/tft-display-code/gfx.o
                0x000000000800493e                TFT_GFX::drawString(short, short, char const*, unsigned short, unsigned short, unsigned char, unsigned char, unsigned short, bool)
 .text._ZN7TFT_GFX11setRotationEh
                0x0000000008004c42       0xa4 Src/tft-display-code/gfx.o
                0x0000000008004c42                TFT_GFX::setRotation(unsigned char)
 .text._ZN7TFT_GFX5widthEv
                0x0000000008004ce6       0x14 Src/tft-display-code/gfx.o
                0x0000000008004ce6                TFT_GFX::width()
 .text._ZN7TFT_GFX6heightEv
                0x0000000008004cfa       0x14 Src/tft-display-code/gfx.o
                0x0000000008004cfa                TFT_GFX::height()
 .text.resetTftBoard
                0x0000000008004d0e       0x36 Src/tft-display-code/hspi.o
                0x0000000008004d0e                resetTftBoard
 .text.pullCSLow
                0x0000000008004d44       0x1c Src/tft-display-code/hspi.o
                0x0000000008004d44                pullCSLow
 .text.hspi_w8  0x0000000008004d60       0x2c Src/tft-display-code/hspi.o
                0x0000000008004d60                hspi_w8
 .text.hspi_w16
                0x0000000008004d8c       0x46 Src/tft-display-code/hspi.o
                0x0000000008004d8c                hspi_w16
 .text.hspi_cmd
                0x0000000008004dd2       0x5c Src/tft-display-code/hspi.o
                0x0000000008004dd2                hspi_cmd
 .text.sendCommand
                0x0000000008004e2e       0x5e Src/tft-display-code/hspi.o
                0x0000000008004e2e                sendCommand
 .text.ili9341_hspi_init
                0x0000000008004e8c      0x396 Src/tft-display-code/hspi.o
                0x0000000008004e8c                ili9341_hspi_init
 *fill*         0x0000000008005222        0x2 
 .text._ZN6UI_API13enableEncoderEtt
                0x0000000008005224       0x38 Src/tft-display-code/quarter-sorter-specific.o
                0x0000000008005224                UI_API::enableEncoder(unsigned short, unsigned short)
 .text._ZN6UI_API14disableEncoderEtt
                0x000000000800525c       0x38 Src/tft-display-code/quarter-sorter-specific.o
                0x000000000800525c                UI_API::disableEncoder(unsigned short, unsigned short)
 .text._ZN7GUI_API17resetSelectionGUIER7TFT_GFXR12TFT_TEXT_BOXS3_S3_P21CHOSEN_STATE_TEXT_BOXtttthRhP17SELECTION_ENCODER
                0x0000000008005294       0x90 Src/tft-display-code/quarter-sorter-specific.o
                0x0000000008005294                GUI_API::resetSelectionGUI(TFT_GFX&, TFT_TEXT_BOX&, TFT_TEXT_BOX&, TFT_TEXT_BOX&, CHOSEN_STATE_TEXT_BOX*, unsigned short, unsigned short, unsigned short, unsigned short, unsigned char, unsigned char&, SELECTION_ENCODER*)
 .text._ZN7GUI_API18drawSelectionLinesER7TFT_GFXtttt
                0x0000000008005324      0x17c Src/tft-display-code/quarter-sorter-specific.o
                0x0000000008005324                GUI_API::drawSelectionLines(TFT_GFX&, unsigned short, unsigned short, unsigned short, unsigned short)
 .text._ZN7GUI_API19writeSelectionWordsER12TFT_TEXT_BOXS1_S1_th
                0x00000000080054a0       0x58 Src/tft-display-code/quarter-sorter-specific.o
                0x00000000080054a0                GUI_API::writeSelectionWords(TFT_TEXT_BOX&, TFT_TEXT_BOX&, TFT_TEXT_BOX&, unsigned short, unsigned char)
 .text._ZN7GUI_API17printCurrentStateEP21CHOSEN_STATE_TEXT_BOXRhP17SELECTION_ENCODER
                0x00000000080054f8       0x60 Src/tft-display-code/quarter-sorter-specific.o
                0x00000000080054f8                GUI_API::printCurrentState(CHOSEN_STATE_TEXT_BOX*, unsigned char&, SELECTION_ENCODER*)
 .text._ZN7GUI_API17clearCurrentStateEP21CHOSEN_STATE_TEXT_BOXRh
                0x0000000008005558       0x46 Src/tft-display-code/quarter-sorter-specific.o
                0x0000000008005558                GUI_API::clearCurrentState(CHOSEN_STATE_TEXT_BOX*, unsigned char&)
 *fill*         0x000000000800559e        0x2 
 .text._ZN7GUI_API17displayInProgressER7TFT_GFXR12TFT_TEXT_BOXtttt
                0x00000000080055a0      0x128 Src/tft-display-code/quarter-sorter-specific.o
                0x00000000080055a0                GUI_API::displayInProgress(TFT_GFX&, TFT_TEXT_BOX&, unsigned short, unsigned short, unsigned short, unsigned short)
 .text._ZN7GUI_API14addConfirmQuitER7TFT_GFXttt
                0x00000000080056c8      0x118 Src/tft-display-code/quarter-sorter-specific.o
                0x00000000080056c8                GUI_API::addConfirmQuit(TFT_GFX&, unsigned short, unsigned short, unsigned short)
 .text._ZN7GUI_API17removeConfirmQuitER7TFT_GFXtt
                0x00000000080057e0       0xb0 Src/tft-display-code/quarter-sorter-specific.o
                0x00000000080057e0                GUI_API::removeConfirmQuit(TFT_GFX&, unsigned short, unsigned short)
 .text._ZN21CHOSEN_STATE_TEXT_BOXC2EhthRK12TFT_TEXT_BOX
                0x0000000008005890       0x58 Src/tft-display-code/quarter-sorter-specific.o
                0x0000000008005890                CHOSEN_STATE_TEXT_BOX::CHOSEN_STATE_TEXT_BOX(unsigned char, unsigned short, unsigned char, TFT_TEXT_BOX const&)
                0x0000000008005890                CHOSEN_STATE_TEXT_BOX::CHOSEN_STATE_TEXT_BOX(unsigned char, unsigned short, unsigned char, TFT_TEXT_BOX const&)
 .text._ZN21CHOSEN_STATE_TEXT_BOXC2Ev
                0x00000000080058e8       0x32 Src/tft-display-code/quarter-sorter-specific.o
                0x00000000080058e8                CHOSEN_STATE_TEXT_BOX::CHOSEN_STATE_TEXT_BOX()
                0x00000000080058e8                CHOSEN_STATE_TEXT_BOX::CHOSEN_STATE_TEXT_BOX()
 *fill*         0x000000000800591a        0x2 
 .text._ZN21CHOSEN_STATE_TEXT_BOX10printStateEPKc
                0x000000000800591c       0x40 Src/tft-display-code/quarter-sorter-specific.o
                0x000000000800591c                CHOSEN_STATE_TEXT_BOX::printState(char const*)
 .text._ZN21CHOSEN_STATE_TEXT_BOX14getCurrentTextEv
                0x000000000800595c       0x14 Src/tft-display-code/quarter-sorter-specific.o
                0x000000000800595c                CHOSEN_STATE_TEXT_BOX::getCurrentText()
 .text._ZN21CHOSEN_STATE_TEXT_BOX16clearCurrentTextEv
                0x0000000008005970       0x16 Src/tft-display-code/quarter-sorter-specific.o
                0x0000000008005970                CHOSEN_STATE_TEXT_BOX::clearCurrentText()
 .text._ZN12TFT_TEXT_BOXC2EP7TFT_GFXtttsb
                0x0000000008005986       0xa6 Src/tft-display-code/text-box.o
                0x0000000008005986                TFT_TEXT_BOX::TFT_TEXT_BOX(TFT_GFX*, unsigned short, unsigned short, unsigned short, short, bool)
                0x0000000008005986                TFT_TEXT_BOX::TFT_TEXT_BOX(TFT_GFX*, unsigned short, unsigned short, unsigned short, short, bool)
 .text._ZN12TFT_TEXT_BOXC2Ev
                0x0000000008005a2c       0x42 Src/tft-display-code/text-box.o
                0x0000000008005a2c                TFT_TEXT_BOX::TFT_TEXT_BOX()
                0x0000000008005a2c                TFT_TEXT_BOX::TFT_TEXT_BOX()
 .text._ZN12TFT_TEXT_BOX5writeEPKcth
                0x0000000008005a6e       0x82 Src/tft-display-code/text-box.o
                0x0000000008005a6e                TFT_TEXT_BOX::write(char const*, unsigned short, unsigned char)
 .text._ZN12TFT_TEXT_BOX5clearEv
                0x0000000008005af0       0x4c Src/tft-display-code/text-box.o
                0x0000000008005af0                TFT_TEXT_BOX::clear()
 .text.Reset_Handler
                0x0000000008005b3c       0x50 Startup/startup_stm32f072rbtx.o
                0x0000000008005b3c                Reset_Handler
 .text.Default_Handler
                0x0000000008005b8c        0x2 Startup/startup_stm32f072rbtx.o
                0x0000000008005b8c                TIM1_CC_IRQHandler
                0x0000000008005b8c                TSC_IRQHandler
                0x0000000008005b8c                ADC1_COMP_IRQHandler
                0x0000000008005b8c                I2C1_IRQHandler
                0x0000000008005b8c                RCC_CRS_IRQHandler
                0x0000000008005b8c                SPI1_IRQHandler
                0x0000000008005b8c                USART3_4_IRQHandler
                0x0000000008005b8c                EXTI2_3_IRQHandler
                0x0000000008005b8c                I2C2_IRQHandler
                0x0000000008005b8c                TIM17_IRQHandler
                0x0000000008005b8c                CEC_CAN_IRQHandler
                0x0000000008005b8c                RTC_IRQHandler
                0x0000000008005b8c                PVD_VDDIO2_IRQHandler
                0x0000000008005b8c                DMA1_Channel4_5_6_7_IRQHandler
                0x0000000008005b8c                TIM16_IRQHandler
                0x0000000008005b8c                TIM3_IRQHandler
                0x0000000008005b8c                DMA1_Channel1_IRQHandler
                0x0000000008005b8c                Default_Handler
                0x0000000008005b8c                TIM14_IRQHandler
                0x0000000008005b8c                TIM7_IRQHandler
                0x0000000008005b8c                TIM15_IRQHandler
                0x0000000008005b8c                EXTI0_1_IRQHandler
                0x0000000008005b8c                USB_IRQHandler
                0x0000000008005b8c                SPI2_IRQHandler
                0x0000000008005b8c                WWDG_IRQHandler
                0x0000000008005b8c                TIM2_IRQHandler
                0x0000000008005b8c                DMA1_Channel2_3_IRQHandler
                0x0000000008005b8c                USART2_IRQHandler
                0x0000000008005b8c                FLASH_IRQHandler
                0x0000000008005b8c                USART1_IRQHandler
                0x0000000008005b8c                TIM1_BRK_UP_TRG_COM_IRQHandler
 .text.__cxa_pure_virtual
                0x0000000008005b8e        0x6 d:/st/stm32cubeide_1.0.2/stm32cubeide/plugins/com.st.stm32cube.ide.mcu.externaltools.gnu-tools-for-stm32.7-2018-q2-update.win32_1.0.0.201904181610/tools/bin/../lib/gcc/arm-none-eabi/7.3.1/../../../../arm-none-eabi/lib/thumb/v6-m\libstdc++_nano.a(pure.o)
                0x0000000008005b8e                __cxa_pure_virtual
 .text._ZN10__cxxabiv111__terminateEPFvvE
                0x0000000008005b94        0x8 d:/st/stm32cubeide_1.0.2/stm32cubeide/plugins/com.st.stm32cube.ide.mcu.externaltools.gnu-tools-for-stm32.7-2018-q2-update.win32_1.0.0.201904181610/tools/bin/../lib/gcc/arm-none-eabi/7.3.1/../../../../arm-none-eabi/lib/thumb/v6-m\libstdc++_nano.a(eh_terminate.o)
                0x0000000008005b94                __cxxabiv1::__terminate(void (*)())
 .text._ZSt9terminatev
                0x0000000008005b9c       0x10 d:/st/stm32cubeide_1.0.2/stm32cubeide/plugins/com.st.stm32cube.ide.mcu.externaltools.gnu-tools-for-stm32.7-2018-q2-update.win32_1.0.0.201904181610/tools/bin/../lib/gcc/arm-none-eabi/7.3.1/../../../../arm-none-eabi/lib/thumb/v6-m\libstdc++_nano.a(eh_terminate.o)
                0x0000000008005b9c                std::terminate()
 .text.abort    0x0000000008005bac        0xe d:/st/stm32cubeide_1.0.2/stm32cubeide/plugins/com.st.stm32cube.ide.mcu.externaltools.gnu-tools-for-stm32.7-2018-q2-update.win32_1.0.0.201904181610/tools/bin/../lib/gcc/arm-none-eabi/7.3.1/../../../../arm-none-eabi/lib/thumb/v6-m\libc_nano.a(lib_a-abort.o)
                0x0000000008005bac                abort
 *fill*         0x0000000008005bba        0x2 
 .text.__errno  0x0000000008005bbc        0xc d:/st/stm32cubeide_1.0.2/stm32cubeide/plugins/com.st.stm32cube.ide.mcu.externaltools.gnu-tools-for-stm32.7-2018-q2-update.win32_1.0.0.201904181610/tools/bin/../lib/gcc/arm-none-eabi/7.3.1/../../../../arm-none-eabi/lib/thumb/v6-m\libc_nano.a(lib_a-errno.o)
                0x0000000008005bbc                __errno
 .text.__libc_init_array
                0x0000000008005bc8       0x48 d:/st/stm32cubeide_1.0.2/stm32cubeide/plugins/com.st.stm32cube.ide.mcu.externaltools.gnu-tools-for-stm32.7-2018-q2-update.win32_1.0.0.201904181610/tools/bin/../lib/gcc/arm-none-eabi/7.3.1/../../../../arm-none-eabi/lib/thumb/v6-m\libc_nano.a(lib_a-init.o)
                0x0000000008005bc8                __libc_init_array
 .text.memcpy   0x0000000008005c10       0x12 d:/st/stm32cubeide_1.0.2/stm32cubeide/plugins/com.st.stm32cube.ide.mcu.externaltools.gnu-tools-for-stm32.7-2018-q2-update.win32_1.0.0.201904181610/tools/bin/../lib/gcc/arm-none-eabi/7.3.1/../../../../arm-none-eabi/lib/thumb/v6-m\libc_nano.a(lib_a-memcpy-stub.o)
                0x0000000008005c10                memcpy
 .text.memset   0x0000000008005c22       0x10 d:/st/stm32cubeide_1.0.2/stm32cubeide/plugins/com.st.stm32cube.ide.mcu.externaltools.gnu-tools-for-stm32.7-2018-q2-update.win32_1.0.0.201904181610/tools/bin/../lib/gcc/arm-none-eabi/7.3.1/../../../../arm-none-eabi/lib/thumb/v6-m\libc_nano.a(lib_a-memset.o)
                0x0000000008005c22                memset
 .text._raise_r
                0x0000000008005c32       0x54 d:/st/stm32cubeide_1.0.2/stm32cubeide/plugins/com.st.stm32cube.ide.mcu.externaltools.gnu-tools-for-stm32.7-2018-q2-update.win32_1.0.0.201904181610/tools/bin/../lib/gcc/arm-none-eabi/7.3.1/../../../../arm-none-eabi/lib/thumb/v6-m\libc_nano.a(lib_a-signal.o)
                0x0000000008005c32                _raise_r
 *fill*         0x0000000008005c86        0x2 
 .text.raise    0x0000000008005c88       0x14 d:/st/stm32cubeide_1.0.2/stm32cubeide/plugins/com.st.stm32cube.ide.mcu.externaltools.gnu-tools-for-stm32.7-2018-q2-update.win32_1.0.0.201904181610/tools/bin/../lib/gcc/arm-none-eabi/7.3.1/../../../../arm-none-eabi/lib/thumb/v6-m\libc_nano.a(lib_a-signal.o)
                0x0000000008005c88                raise
 .text._kill_r  0x0000000008005c9c       0x24 d:/st/stm32cubeide_1.0.2/stm32cubeide/plugins/com.st.stm32cube.ide.mcu.externaltools.gnu-tools-for-stm32.7-2018-q2-update.win32_1.0.0.201904181610/tools/bin/../lib/gcc/arm-none-eabi/7.3.1/../../../../arm-none-eabi/lib/thumb/v6-m\libc_nano.a(lib_a-signalr.o)
                0x0000000008005c9c                _kill_r
 .text._getpid_r
                0x0000000008005cc0        0x8 d:/st/stm32cubeide_1.0.2/stm32cubeide/plugins/com.st.stm32cube.ide.mcu.externaltools.gnu-tools-for-stm32.7-2018-q2-update.win32_1.0.0.201904181610/tools/bin/../lib/gcc/arm-none-eabi/7.3.1/../../../../arm-none-eabi/lib/thumb/v6-m\libc_nano.a(lib_a-signalr.o)
                0x0000000008005cc0                _getpid_r
 .text.sprintf  0x0000000008005cc8       0x40 d:/st/stm32cubeide_1.0.2/stm32cubeide/plugins/com.st.stm32cube.ide.mcu.externaltools.gnu-tools-for-stm32.7-2018-q2-update.win32_1.0.0.201904181610/tools/bin/../lib/gcc/arm-none-eabi/7.3.1/../../../../arm-none-eabi/lib/thumb/v6-m\libc_nano.a(lib_a-sprintf.o)
                0x0000000008005cc8                siprintf
                0x0000000008005cc8                sprintf
 .text._malloc_r
                0x0000000008005d08       0xbc d:/st/stm32cubeide_1.0.2/stm32cubeide/plugins/com.st.stm32cube.ide.mcu.externaltools.gnu-tools-for-stm32.7-2018-q2-update.win32_1.0.0.201904181610/tools/bin/../lib/gcc/arm-none-eabi/7.3.1/../../../../arm-none-eabi/lib/thumb/v6-m\libc_nano.a(lib_a-nano-mallocr.o)
                0x0000000008005d08                _malloc_r
 .text.__ssputs_r
                0x0000000008005dc4       0xc4 d:/st/stm32cubeide_1.0.2/stm32cubeide/plugins/com.st.stm32cube.ide.mcu.externaltools.gnu-tools-for-stm32.7-2018-q2-update.win32_1.0.0.201904181610/tools/bin/../lib/gcc/arm-none-eabi/7.3.1/../../../../arm-none-eabi/lib/thumb/v6-m\libc_nano.a(lib_a-nano-svfprintf.o)
                0x0000000008005dc4                __ssputs_r
 .text._svfprintf_r
                0x0000000008005e88      0x1fc d:/st/stm32cubeide_1.0.2/stm32cubeide/plugins/com.st.stm32cube.ide.mcu.externaltools.gnu-tools-for-stm32.7-2018-q2-update.win32_1.0.0.201904181610/tools/bin/../lib/gcc/arm-none-eabi/7.3.1/../../../../arm-none-eabi/lib/thumb/v6-m\libc_nano.a(lib_a-nano-svfprintf.o)
                0x0000000008005e88                _svfiprintf_r
                0x0000000008005e88                _svfprintf_r
 .text._printf_common
                0x0000000008006084       0xda d:/st/stm32cubeide_1.0.2/stm32cubeide/plugins/com.st.stm32cube.ide.mcu.externaltools.gnu-tools-for-stm32.7-2018-q2-update.win32_1.0.0.201904181610/tools/bin/../lib/gcc/arm-none-eabi/7.3.1/../../../../arm-none-eabi/lib/thumb/v6-m\libc_nano.a(lib_a-nano-vfprintf_i.o)
                0x0000000008006084                _printf_common
 *fill*         0x000000000800615e        0x2 
 .text._printf_i
                0x0000000008006160      0x210 d:/st/stm32cubeide_1.0.2/stm32cubeide/plugins/com.st.stm32cube.ide.mcu.externaltools.gnu-tools-for-stm32.7-2018-q2-update.win32_1.0.0.201904181610/tools/bin/../lib/gcc/arm-none-eabi/7.3.1/../../../../arm-none-eabi/lib/thumb/v6-m\libc_nano.a(lib_a-nano-vfprintf_i.o)
                0x0000000008006160                _printf_i
 .text._sbrk_r  0x0000000008006370       0x24 d:/st/stm32cubeide_1.0.2/stm32cubeide/plugins/com.st.stm32cube.ide.mcu.externaltools.gnu-tools-for-stm32.7-2018-q2-update.win32_1.0.0.201904181610/tools/bin/../lib/gcc/arm-none-eabi/7.3.1/../../../../arm-none-eabi/lib/thumb/v6-m\libc_nano.a(lib_a-sbrkr.o)
                0x0000000008006370                _sbrk_r
 .text.memchr   0x0000000008006394       0x16 d:/st/stm32cubeide_1.0.2/stm32cubeide/plugins/com.st.stm32cube.ide.mcu.externaltools.gnu-tools-for-stm32.7-2018-q2-update.win32_1.0.0.201904181610/tools/bin/../lib/gcc/arm-none-eabi/7.3.1/../../../../arm-none-eabi/lib/thumb/v6-m\libc_nano.a(lib_a-memchr-stub.o)
                0x0000000008006394                memchr
 .text.memmove  0x00000000080063aa       0x26 d:/st/stm32cubeide_1.0.2/stm32cubeide/plugins/com.st.stm32cube.ide.mcu.externaltools.gnu-tools-for-stm32.7-2018-q2-update.win32_1.0.0.201904181610/tools/bin/../lib/gcc/arm-none-eabi/7.3.1/../../../../arm-none-eabi/lib/thumb/v6-m\libc_nano.a(lib_a-memmove.o)
                0x00000000080063aa                memmove
 .text.__malloc_lock
                0x00000000080063d0        0x2 d:/st/stm32cubeide_1.0.2/stm32cubeide/plugins/com.st.stm32cube.ide.mcu.externaltools.gnu-tools-for-stm32.7-2018-q2-update.win32_1.0.0.201904181610/tools/bin/../lib/gcc/arm-none-eabi/7.3.1/../../../../arm-none-eabi/lib/thumb/v6-m\libc_nano.a(lib_a-mlock.o)
                0x00000000080063d0                __malloc_lock
 .text.__malloc_unlock
                0x00000000080063d2        0x2 d:/st/stm32cubeide_1.0.2/stm32cubeide/plugins/com.st.stm32cube.ide.mcu.externaltools.gnu-tools-for-stm32.7-2018-q2-update.win32_1.0.0.201904181610/tools/bin/../lib/gcc/arm-none-eabi/7.3.1/../../../../arm-none-eabi/lib/thumb/v6-m\libc_nano.a(lib_a-mlock.o)
                0x00000000080063d2                __malloc_unlock
 .text._free_r  0x00000000080063d4       0x94 d:/st/stm32cubeide_1.0.2/stm32cubeide/plugins/com.st.stm32cube.ide.mcu.externaltools.gnu-tools-for-stm32.7-2018-q2-update.win32_1.0.0.201904181610/tools/bin/../lib/gcc/arm-none-eabi/7.3.1/../../../../arm-none-eabi/lib/thumb/v6-m\libc_nano.a(lib_a-nano-freer.o)
                0x00000000080063d4                _free_r
 .text._realloc_r
                0x0000000008006468       0x4c d:/st/stm32cubeide_1.0.2/stm32cubeide/plugins/com.st.stm32cube.ide.mcu.externaltools.gnu-tools-for-stm32.7-2018-q2-update.win32_1.0.0.201904181610/tools/bin/../lib/gcc/arm-none-eabi/7.3.1/../../../../arm-none-eabi/lib/thumb/v6-m\libc_nano.a(lib_a-nano-reallocr.o)
                0x0000000008006468                _realloc_r
 .text._malloc_usable_size_r
                0x00000000080064b4       0x10 d:/st/stm32cubeide_1.0.2/stm32cubeide/plugins/com.st.stm32cube.ide.mcu.externaltools.gnu-tools-for-stm32.7-2018-q2-update.win32_1.0.0.201904181610/tools/bin/../lib/gcc/arm-none-eabi/7.3.1/../../../../arm-none-eabi/lib/thumb/v6-m\libc_nano.a(lib_a-nano-msizer.o)
                0x00000000080064b4                _malloc_usable_size_r
 *(.glue_7)
 .glue_7        0x00000000080064c4        0x0 linker stubs
 *(.glue_7t)
 .glue_7t       0x00000000080064c4        0x0 linker stubs
 *(.eh_frame)
 .eh_frame      0x00000000080064c4        0x0 d:/st/stm32cubeide_1.0.2/stm32cubeide/plugins/com.st.stm32cube.ide.mcu.externaltools.gnu-tools-for-stm32.7-2018-q2-update.win32_1.0.0.201904181610/tools/bin/../lib/gcc/arm-none-eabi/7.3.1/thumb/v6-m/crtbegin.o
 *(.init)
 .init          0x00000000080064c4        0x4 d:/st/stm32cubeide_1.0.2/stm32cubeide/plugins/com.st.stm32cube.ide.mcu.externaltools.gnu-tools-for-stm32.7-2018-q2-update.win32_1.0.0.201904181610/tools/bin/../lib/gcc/arm-none-eabi/7.3.1/thumb/v6-m/crti.o
                0x00000000080064c4                _init
 .init          0x00000000080064c8        0x8 d:/st/stm32cubeide_1.0.2/stm32cubeide/plugins/com.st.stm32cube.ide.mcu.externaltools.gnu-tools-for-stm32.7-2018-q2-update.win32_1.0.0.201904181610/tools/bin/../lib/gcc/arm-none-eabi/7.3.1/thumb/v6-m/crtn.o
 *(.fini)
 .fini          0x00000000080064d0        0x4 d:/st/stm32cubeide_1.0.2/stm32cubeide/plugins/com.st.stm32cube.ide.mcu.externaltools.gnu-tools-for-stm32.7-2018-q2-update.win32_1.0.0.201904181610/tools/bin/../lib/gcc/arm-none-eabi/7.3.1/thumb/v6-m/crti.o
                0x00000000080064d0                _fini
 .fini          0x00000000080064d4        0x8 d:/st/stm32cubeide_1.0.2/stm32cubeide/plugins/com.st.stm32cube.ide.mcu.externaltools.gnu-tools-for-stm32.7-2018-q2-update.win32_1.0.0.201904181610/tools/bin/../lib/gcc/arm-none-eabi/7.3.1/thumb/v6-m/crtn.o
                0x00000000080064dc                . = ALIGN (0x4)
                0x00000000080064dc                _etext = .

.vfp11_veneer   0x00000000080064dc        0x0
 .vfp11_veneer  0x00000000080064dc        0x0 linker stubs

.v4_bx          0x00000000080064dc        0x0
 .v4_bx         0x00000000080064dc        0x0 linker stubs

.iplt           0x00000000080064dc        0x0
 .iplt          0x00000000080064dc        0x0 d:/st/stm32cubeide_1.0.2/stm32cubeide/plugins/com.st.stm32cube.ide.mcu.externaltools.gnu-tools-for-stm32.7-2018-q2-update.win32_1.0.0.201904181610/tools/bin/../lib/gcc/arm-none-eabi/7.3.1/thumb/v6-m/crtbegin.o

.rodata         0x00000000080064dc      0xda4
                0x00000000080064dc                . = ALIGN (0x4)
 *(.rodata)
 .rodata        0x00000000080064dc       0x20 Drivers/STM32F0xx_HAL_Driver/Src/stm32f0xx_hal_rcc.o
 .rodata        0x00000000080064fc      0x276 Src/main.o
 *fill*         0x0000000008006772        0x2 
 .rodata        0x0000000008006774      0x343 Src/tft-display-code/quarter-sorter-specific.o
 *fill*         0x0000000008006ab7        0x1 
 .rodata        0x0000000008006ab8       0x80 d:/st/stm32cubeide_1.0.2/stm32cubeide/plugins/com.st.stm32cube.ide.mcu.externaltools.gnu-tools-for-stm32.7-2018-q2-update.win32_1.0.0.201904181610/tools/bin/../lib/gcc/arm-none-eabi/7.3.1/thumb/v6-m\libgcc.a(divsf3.o)
 .rodata        0x0000000008006b38       0x40 d:/st/stm32cubeide_1.0.2/stm32cubeide/plugins/com.st.stm32cube.ide.mcu.externaltools.gnu-tools-for-stm32.7-2018-q2-update.win32_1.0.0.201904181610/tools/bin/../lib/gcc/arm-none-eabi/7.3.1/thumb/v6-m\libgcc.a(mulsf3.o)
 *(.rodata*)
 .rodata._ZL10stateNames
                0x0000000008006b78       0xc8 Src/main.o
 .rodata.AHBPrescTable
                0x0000000008006c40       0x10 Src/system_stm32f0xx.o
                0x0000000008006c40                AHBPrescTable
 .rodata._ZL6ttable
                0x0000000008006c50       0x1c Src/rotary-encoder/generic-rotary-encoder.o
 .rodata._ZTV14ROTARY_ENCODER
                0x0000000008006c6c        0xc Src/rotary-encoder/generic-rotary-encoder.o
                0x0000000008006c6c                vtable for ROTARY_ENCODER
 .rodata._ZTV17SELECTION_ENCODER
                0x0000000008006c78        0xc Src/rotary-encoder/selection-encoder.o
                0x0000000008006c78                vtable for SELECTION_ENCODER
 .rodata._ZN12_GLOBAL__N_1L4fontE
                0x0000000008006c84      0x500 Src/tft-display-code/gfx.o
 .rodata._ZL10stateNames
                0x0000000008007184       0xc8 Src/tft-display-code/quarter-sorter-specific.o
 .rodata._svfprintf_r.str1.1
                0x000000000800724c       0x11 d:/st/stm32cubeide_1.0.2/stm32cubeide/plugins/com.st.stm32cube.ide.mcu.externaltools.gnu-tools-for-stm32.7-2018-q2-update.win32_1.0.0.201904181610/tools/bin/../lib/gcc/arm-none-eabi/7.3.1/../../../../arm-none-eabi/lib/thumb/v6-m\libc_nano.a(lib_a-nano-svfprintf.o)
 .rodata._printf_i.str1.1
                0x000000000800725d       0x22 d:/st/stm32cubeide_1.0.2/stm32cubeide/plugins/com.st.stm32cube.ide.mcu.externaltools.gnu-tools-for-stm32.7-2018-q2-update.win32_1.0.0.201904181610/tools/bin/../lib/gcc/arm-none-eabi/7.3.1/../../../../arm-none-eabi/lib/thumb/v6-m\libc_nano.a(lib_a-nano-vfprintf_i.o)
                0x0000000008007280                . = ALIGN (0x4)
 *fill*         0x000000000800727f        0x1 

.rel.dyn        0x0000000008007280        0x0
 .rel.iplt      0x0000000008007280        0x0 d:/st/stm32cubeide_1.0.2/stm32cubeide/plugins/com.st.stm32cube.ide.mcu.externaltools.gnu-tools-for-stm32.7-2018-q2-update.win32_1.0.0.201904181610/tools/bin/../lib/gcc/arm-none-eabi/7.3.1/thumb/v6-m/crtbegin.o

.ARM.extab      0x0000000008007280        0x0
                0x0000000008007280                . = ALIGN (0x4)
 *(.ARM.extab* .gnu.linkonce.armextab.*)
                0x0000000008007280                . = ALIGN (0x4)

.ARM            0x0000000008007280        0x0
                0x0000000008007280                . = ALIGN (0x4)
                0x0000000008007280                __exidx_start = .
 *(.ARM.exidx*)
                0x0000000008007280                __exidx_end = .
                0x0000000008007280                . = ALIGN (0x4)

.preinit_array  0x0000000008007280        0x0
                0x0000000008007280                . = ALIGN (0x4)
                0x0000000008007280                PROVIDE (__preinit_array_start = .)
 *(.preinit_array*)
                0x0000000008007280                PROVIDE (__preinit_array_end = .)
                0x0000000008007280                . = ALIGN (0x4)

.init_array     0x0000000008007280        0x4
                0x0000000008007280                . = ALIGN (0x4)
                0x0000000008007280                PROVIDE (__init_array_start = .)
 *(SORT_BY_NAME(.init_array.*))
 *(.init_array*)
 .init_array    0x0000000008007280        0x4 d:/st/stm32cubeide_1.0.2/stm32cubeide/plugins/com.st.stm32cube.ide.mcu.externaltools.gnu-tools-for-stm32.7-2018-q2-update.win32_1.0.0.201904181610/tools/bin/../lib/gcc/arm-none-eabi/7.3.1/thumb/v6-m/crtbegin.o
                0x0000000008007284                PROVIDE (__init_array_end = .)
                0x0000000008007284                . = ALIGN (0x4)

.fini_array     0x0000000008007284        0x4
                0x0000000008007284                . = ALIGN (0x4)
                [!provide]                        PROVIDE (__fini_array_start = .)
 *(SORT_BY_NAME(.fini_array.*))
 *(.fini_array*)
 .fini_array    0x0000000008007284        0x4 d:/st/stm32cubeide_1.0.2/stm32cubeide/plugins/com.st.stm32cube.ide.mcu.externaltools.gnu-tools-for-stm32.7-2018-q2-update.win32_1.0.0.201904181610/tools/bin/../lib/gcc/arm-none-eabi/7.3.1/thumb/v6-m/crtbegin.o
                [!provide]                        PROVIDE (__fini_array_end = .)
                0x0000000008007288                . = ALIGN (0x4)
                0x0000000008007288                _sidata = LOADADDR (.data)

.data           0x0000000020000000       0x6c load address 0x0000000008007288
                0x0000000020000000                . = ALIGN (0x4)
                0x0000000020000000                _sdata = .
 *(.data)
 *(.data*)
 .data.SystemCoreClock
                0x0000000020000000        0x4 Src/system_stm32f0xx.o
                0x0000000020000000                SystemCoreClock
 .data._ZN10__cxxabiv119__terminate_handlerE
                0x0000000020000004        0x4 d:/st/stm32cubeide_1.0.2/stm32cubeide/plugins/com.st.stm32cube.ide.mcu.externaltools.gnu-tools-for-stm32.7-2018-q2-update.win32_1.0.0.201904181610/tools/bin/../lib/gcc/arm-none-eabi/7.3.1/../../../../arm-none-eabi/lib/thumb/v6-m\libstdc++_nano.a(eh_term_handler.o)
                0x0000000020000004                __cxxabiv1::__terminate_handler
 .data._impure_ptr
                0x0000000020000008        0x4 d:/st/stm32cubeide_1.0.2/stm32cubeide/plugins/com.st.stm32cube.ide.mcu.externaltools.gnu-tools-for-stm32.7-2018-q2-update.win32_1.0.0.201904181610/tools/bin/../lib/gcc/arm-none-eabi/7.3.1/../../../../arm-none-eabi/lib/thumb/v6-m\libc_nano.a(lib_a-impure.o)
                0x0000000020000008                _impure_ptr
 .data.impure_data
                0x000000002000000c       0x60 d:/st/stm32cubeide_1.0.2/stm32cubeide/plugins/com.st.stm32cube.ide.mcu.externaltools.gnu-tools-for-stm32.7-2018-q2-update.win32_1.0.0.201904181610/tools/bin/../lib/gcc/arm-none-eabi/7.3.1/../../../../arm-none-eabi/lib/thumb/v6-m\libc_nano.a(lib_a-impure.o)
                0x000000002000006c                . = ALIGN (0x4)
                0x000000002000006c                _edata = .

.igot.plt       0x000000002000006c        0x0 load address 0x00000000080072f4
 .igot.plt      0x000000002000006c        0x0 d:/st/stm32cubeide_1.0.2/stm32cubeide/plugins/com.st.stm32cube.ide.mcu.externaltools.gnu-tools-for-stm32.7-2018-q2-update.win32_1.0.0.201904181610/tools/bin/../lib/gcc/arm-none-eabi/7.3.1/thumb/v6-m/crtbegin.o
                0x000000002000006c                . = ALIGN (0x4)

.bss            0x000000002000006c       0xe0 load address 0x00000000080072f4
                0x000000002000006c                _sbss = .
                0x000000002000006c                __bss_start__ = _sbss
 *(.bss)
 .bss           0x000000002000006c       0x1c d:/st/stm32cubeide_1.0.2/stm32cubeide/plugins/com.st.stm32cube.ide.mcu.externaltools.gnu-tools-for-stm32.7-2018-q2-update.win32_1.0.0.201904181610/tools/bin/../lib/gcc/arm-none-eabi/7.3.1/thumb/v6-m/crtbegin.o
 *(.bss*)
 .bss.hspi2     0x0000000020000088       0x64 Src/main.o
                0x0000000020000088                hspi2
 .bss.htim6     0x00000000200000ec       0x40 Src/main.o
                0x00000000200000ec                htim6
 .bss.encoderPtr
                0x000000002000012c        0x4 Src/main.o
                0x000000002000012c                encoderPtr
 .bss.okButtonPtr
                0x0000000020000130        0x4 Src/main.o
                0x0000000020000130                okButtonPtr
 .bss.cancelButtonPtr
                0x0000000020000134        0x4 Src/main.o
                0x0000000020000134                cancelButtonPtr
 .bss.heap_end.5149
                0x0000000020000138        0x4 Src/sysmem.o
 .bss.__malloc_free_list
                0x000000002000013c        0x4 d:/st/stm32cubeide_1.0.2/stm32cubeide/plugins/com.st.stm32cube.ide.mcu.externaltools.gnu-tools-for-stm32.7-2018-q2-update.win32_1.0.0.201904181610/tools/bin/../lib/gcc/arm-none-eabi/7.3.1/../../../../arm-none-eabi/lib/thumb/v6-m\libc_nano.a(lib_a-nano-mallocr.o)
                0x000000002000013c                __malloc_free_list
 .bss.__malloc_sbrk_start
                0x0000000020000140        0x4 d:/st/stm32cubeide_1.0.2/stm32cubeide/plugins/com.st.stm32cube.ide.mcu.externaltools.gnu-tools-for-stm32.7-2018-q2-update.win32_1.0.0.201904181610/tools/bin/../lib/gcc/arm-none-eabi/7.3.1/../../../../arm-none-eabi/lib/thumb/v6-m\libc_nano.a(lib_a-nano-mallocr.o)
                0x0000000020000140                __malloc_sbrk_start
 *(COMMON)
 COMMON         0x0000000020000144        0x4 Drivers/STM32F0xx_HAL_Driver/Src/stm32f0xx_hal.o
                0x0000000020000144                uwTick
 COMMON         0x0000000020000148        0x4 d:/st/stm32cubeide_1.0.2/stm32cubeide/plugins/com.st.stm32cube.ide.mcu.externaltools.gnu-tools-for-stm32.7-2018-q2-update.win32_1.0.0.201904181610/tools/bin/../lib/gcc/arm-none-eabi/7.3.1/../../../../arm-none-eabi/lib/thumb/v6-m\libc_nano.a(lib_a-reent.o)
                0x0000000020000148                errno
                0x000000002000014c                . = ALIGN (0x4)
                0x000000002000014c                _ebss = .
                0x000000002000014c                __bss_end__ = _ebss

._user_heap_stack
                0x000000002000014c      0x604 load address 0x00000000080072f4
                0x0000000020000150                . = ALIGN (0x8)
 *fill*         0x000000002000014c        0x4 
                0x0000000020000150                PROVIDE (end = .)
                [!provide]                        PROVIDE (_end = .)
                0x0000000020000350                . = (. + _Min_Heap_Size)
 *fill*         0x0000000020000150      0x200 
                0x0000000020000750                . = (. + _Min_Stack_Size)
 *fill*         0x0000000020000350      0x400 
                0x0000000020000750                . = ALIGN (0x8)

/DISCARD/
 libc.a(*)
 libm.a(*)
 libgcc.a(*)

.ARM.attributes
                0x0000000000000000       0x28
 *(.ARM.attributes)
 .ARM.attributes
                0x0000000000000000       0x1e d:/st/stm32cubeide_1.0.2/stm32cubeide/plugins/com.st.stm32cube.ide.mcu.externaltools.gnu-tools-for-stm32.7-2018-q2-update.win32_1.0.0.201904181610/tools/bin/../lib/gcc/arm-none-eabi/7.3.1/thumb/v6-m/crti.o
 .ARM.attributes
                0x000000000000001e       0x2c d:/st/stm32cubeide_1.0.2/stm32cubeide/plugins/com.st.stm32cube.ide.mcu.externaltools.gnu-tools-for-stm32.7-2018-q2-update.win32_1.0.0.201904181610/tools/bin/../lib/gcc/arm-none-eabi/7.3.1/thumb/v6-m/crtbegin.o
 .ARM.attributes
                0x000000000000004a       0x31 Drivers/STM32F0xx_HAL_Driver/Src/stm32f0xx_hal.o
 .ARM.attributes
                0x000000000000007b       0x31 Drivers/STM32F0xx_HAL_Driver/Src/stm32f0xx_hal_cortex.o
 .ARM.attributes
                0x00000000000000ac       0x31 Drivers/STM32F0xx_HAL_Driver/Src/stm32f0xx_hal_gpio.o
 .ARM.attributes
                0x00000000000000dd       0x31 Drivers/STM32F0xx_HAL_Driver/Src/stm32f0xx_hal_rcc.o
 .ARM.attributes
                0x000000000000010e       0x31 Drivers/STM32F0xx_HAL_Driver/Src/stm32f0xx_hal_rcc_ex.o
 .ARM.attributes
                0x000000000000013f       0x31 Drivers/STM32F0xx_HAL_Driver/Src/stm32f0xx_hal_spi.o
 .ARM.attributes
                0x0000000000000170       0x31 Drivers/STM32F0xx_HAL_Driver/Src/stm32f0xx_hal_tim.o
 .ARM.attributes
                0x00000000000001a1       0x31 Drivers/STM32F0xx_HAL_Driver/Src/stm32f0xx_hal_tim_ex.o
 .ARM.attributes
                0x00000000000001d2       0x31 Src/main.o
 .ARM.attributes
                0x0000000000000203       0x31 Src/stm32f0xx_hal_msp.o
 .ARM.attributes
                0x0000000000000234       0x31 Src/stm32f0xx_it.o
 .ARM.attributes
                0x0000000000000265       0x31 Src/syscalls.o
 .ARM.attributes
                0x0000000000000296       0x31 Src/sysmem.o
 .ARM.attributes
                0x00000000000002c7       0x31 Src/system_stm32f0xx.o
 .ARM.attributes
                0x00000000000002f8       0x31 Src/rotary-encoder/generic-rotary-encoder.o
 .ARM.attributes
                0x0000000000000329       0x31 Src/rotary-encoder/selection-encoder.o
 .ARM.attributes
                0x000000000000035a       0x31 Src/switch-debouncer/sw-debounce.o
 .ARM.attributes
                0x000000000000038b       0x31 Src/tft-display-code/gfx.o
 .ARM.attributes
                0x00000000000003bc       0x31 Src/tft-display-code/hspi.o
 .ARM.attributes
                0x00000000000003ed       0x31 Src/tft-display-code/quarter-sorter-specific.o
 .ARM.attributes
                0x000000000000041e       0x31 Src/tft-display-code/text-box.o
 .ARM.attributes
                0x000000000000044f       0x21 Startup/startup_stm32f072rbtx.o
 .ARM.attributes
                0x0000000000000470       0x2c d:/st/stm32cubeide_1.0.2/stm32cubeide/plugins/com.st.stm32cube.ide.mcu.externaltools.gnu-tools-for-stm32.7-2018-q2-update.win32_1.0.0.201904181610/tools/bin/../lib/gcc/arm-none-eabi/7.3.1/../../../../arm-none-eabi/lib/thumb/v6-m\libstdc++_nano.a(pure.o)
 .ARM.attributes
                0x000000000000049c       0x2c d:/st/stm32cubeide_1.0.2/stm32cubeide/plugins/com.st.stm32cube.ide.mcu.externaltools.gnu-tools-for-stm32.7-2018-q2-update.win32_1.0.0.201904181610/tools/bin/../lib/gcc/arm-none-eabi/7.3.1/../../../../arm-none-eabi/lib/thumb/v6-m\libstdc++_nano.a(eh_terminate.o)
 .ARM.attributes
                0x00000000000004c8       0x2c d:/st/stm32cubeide_1.0.2/stm32cubeide/plugins/com.st.stm32cube.ide.mcu.externaltools.gnu-tools-for-stm32.7-2018-q2-update.win32_1.0.0.201904181610/tools/bin/../lib/gcc/arm-none-eabi/7.3.1/../../../../arm-none-eabi/lib/thumb/v6-m\libstdc++_nano.a(eh_term_handler.o)
 .ARM.attributes
                0x00000000000004f4       0x2c d:/st/stm32cubeide_1.0.2/stm32cubeide/plugins/com.st.stm32cube.ide.mcu.externaltools.gnu-tools-for-stm32.7-2018-q2-update.win32_1.0.0.201904181610/tools/bin/../lib/gcc/arm-none-eabi/7.3.1/../../../../arm-none-eabi/lib/thumb/v6-m\libc_nano.a(lib_a-abort.o)
 .ARM.attributes
                0x0000000000000520       0x2c d:/st/stm32cubeide_1.0.2/stm32cubeide/plugins/com.st.stm32cube.ide.mcu.externaltools.gnu-tools-for-stm32.7-2018-q2-update.win32_1.0.0.201904181610/tools/bin/../lib/gcc/arm-none-eabi/7.3.1/../../../../arm-none-eabi/lib/thumb/v6-m\libc_nano.a(lib_a-errno.o)
 .ARM.attributes
                0x000000000000054c       0x2c d:/st/stm32cubeide_1.0.2/stm32cubeide/plugins/com.st.stm32cube.ide.mcu.externaltools.gnu-tools-for-stm32.7-2018-q2-update.win32_1.0.0.201904181610/tools/bin/../lib/gcc/arm-none-eabi/7.3.1/../../../../arm-none-eabi/lib/thumb/v6-m\libc_nano.a(lib_a-impure.o)
 .ARM.attributes
                0x0000000000000578       0x2c d:/st/stm32cubeide_1.0.2/stm32cubeide/plugins/com.st.stm32cube.ide.mcu.externaltools.gnu-tools-for-stm32.7-2018-q2-update.win32_1.0.0.201904181610/tools/bin/../lib/gcc/arm-none-eabi/7.3.1/../../../../arm-none-eabi/lib/thumb/v6-m\libc_nano.a(lib_a-init.o)
 .ARM.attributes
                0x00000000000005a4       0x2c d:/st/stm32cubeide_1.0.2/stm32cubeide/plugins/com.st.stm32cube.ide.mcu.externaltools.gnu-tools-for-stm32.7-2018-q2-update.win32_1.0.0.201904181610/tools/bin/../lib/gcc/arm-none-eabi/7.3.1/../../../../arm-none-eabi/lib/thumb/v6-m\libc_nano.a(lib_a-memcpy-stub.o)
 .ARM.attributes
                0x00000000000005d0       0x2c d:/st/stm32cubeide_1.0.2/stm32cubeide/plugins/com.st.stm32cube.ide.mcu.externaltools.gnu-tools-for-stm32.7-2018-q2-update.win32_1.0.0.201904181610/tools/bin/../lib/gcc/arm-none-eabi/7.3.1/../../../../arm-none-eabi/lib/thumb/v6-m\libc_nano.a(lib_a-memset.o)
 .ARM.attributes
                0x00000000000005fc       0x2c d:/st/stm32cubeide_1.0.2/stm32cubeide/plugins/com.st.stm32cube.ide.mcu.externaltools.gnu-tools-for-stm32.7-2018-q2-update.win32_1.0.0.201904181610/tools/bin/../lib/gcc/arm-none-eabi/7.3.1/../../../../arm-none-eabi/lib/thumb/v6-m\libc_nano.a(lib_a-signal.o)
 .ARM.attributes
                0x0000000000000628       0x2c d:/st/stm32cubeide_1.0.2/stm32cubeide/plugins/com.st.stm32cube.ide.mcu.externaltools.gnu-tools-for-stm32.7-2018-q2-update.win32_1.0.0.201904181610/tools/bin/../lib/gcc/arm-none-eabi/7.3.1/../../../../arm-none-eabi/lib/thumb/v6-m\libc_nano.a(lib_a-signalr.o)
 .ARM.attributes
                0x0000000000000654       0x2c d:/st/stm32cubeide_1.0.2/stm32cubeide/plugins/com.st.stm32cube.ide.mcu.externaltools.gnu-tools-for-stm32.7-2018-q2-update.win32_1.0.0.201904181610/tools/bin/../lib/gcc/arm-none-eabi/7.3.1/../../../../arm-none-eabi/lib/thumb/v6-m\libc_nano.a(lib_a-sprintf.o)
 .ARM.attributes
                0x0000000000000680       0x2c d:/st/stm32cubeide_1.0.2/stm32cubeide/plugins/com.st.stm32cube.ide.mcu.externaltools.gnu-tools-for-stm32.7-2018-q2-update.win32_1.0.0.201904181610/tools/bin/../lib/gcc/arm-none-eabi/7.3.1/../../../../arm-none-eabi/lib/thumb/v6-m\libc_nano.a(lib_a-nano-mallocr.o)
 .ARM.attributes
                0x00000000000006ac       0x2c d:/st/stm32cubeide_1.0.2/stm32cubeide/plugins/com.st.stm32cube.ide.mcu.externaltools.gnu-tools-for-stm32.7-2018-q2-update.win32_1.0.0.201904181610/tools/bin/../lib/gcc/arm-none-eabi/7.3.1/../../../../arm-none-eabi/lib/thumb/v6-m\libc_nano.a(lib_a-nano-svfprintf.o)
 .ARM.attributes
                0x00000000000006d8       0x2c d:/st/stm32cubeide_1.0.2/stm32cubeide/plugins/com.st.stm32cube.ide.mcu.externaltools.gnu-tools-for-stm32.7-2018-q2-update.win32_1.0.0.201904181610/tools/bin/../lib/gcc/arm-none-eabi/7.3.1/../../../../arm-none-eabi/lib/thumb/v6-m\libc_nano.a(lib_a-nano-vfprintf_i.o)
 .ARM.attributes
                0x0000000000000704       0x2c d:/st/stm32cubeide_1.0.2/stm32cubeide/plugins/com.st.stm32cube.ide.mcu.externaltools.gnu-tools-for-stm32.7-2018-q2-update.win32_1.0.0.201904181610/tools/bin/../lib/gcc/arm-none-eabi/7.3.1/../../../../arm-none-eabi/lib/thumb/v6-m\libc_nano.a(lib_a-reent.o)
 .ARM.attributes
                0x0000000000000730       0x2c d:/st/stm32cubeide_1.0.2/stm32cubeide/plugins/com.st.stm32cube.ide.mcu.externaltools.gnu-tools-for-stm32.7-2018-q2-update.win32_1.0.0.201904181610/tools/bin/../lib/gcc/arm-none-eabi/7.3.1/../../../../arm-none-eabi/lib/thumb/v6-m\libc_nano.a(lib_a-sbrkr.o)
 .ARM.attributes
                0x000000000000075c       0x2c d:/st/stm32cubeide_1.0.2/stm32cubeide/plugins/com.st.stm32cube.ide.mcu.externaltools.gnu-tools-for-stm32.7-2018-q2-update.win32_1.0.0.201904181610/tools/bin/../lib/gcc/arm-none-eabi/7.3.1/../../../../arm-none-eabi/lib/thumb/v6-m\libc_nano.a(lib_a-memchr-stub.o)
 .ARM.attributes
                0x0000000000000788       0x2c d:/st/stm32cubeide_1.0.2/stm32cubeide/plugins/com.st.stm32cube.ide.mcu.externaltools.gnu-tools-for-stm32.7-2018-q2-update.win32_1.0.0.201904181610/tools/bin/../lib/gcc/arm-none-eabi/7.3.1/../../../../arm-none-eabi/lib/thumb/v6-m\libc_nano.a(lib_a-memmove.o)
 .ARM.attributes
                0x00000000000007b4       0x2c d:/st/stm32cubeide_1.0.2/stm32cubeide/plugins/com.st.stm32cube.ide.mcu.externaltools.gnu-tools-for-stm32.7-2018-q2-update.win32_1.0.0.201904181610/tools/bin/../lib/gcc/arm-none-eabi/7.3.1/../../../../arm-none-eabi/lib/thumb/v6-m\libc_nano.a(lib_a-mlock.o)
 .ARM.attributes
                0x00000000000007e0       0x2c d:/st/stm32cubeide_1.0.2/stm32cubeide/plugins/com.st.stm32cube.ide.mcu.externaltools.gnu-tools-for-stm32.7-2018-q2-update.win32_1.0.0.201904181610/tools/bin/../lib/gcc/arm-none-eabi/7.3.1/../../../../arm-none-eabi/lib/thumb/v6-m\libc_nano.a(lib_a-nano-freer.o)
 .ARM.attributes
                0x000000000000080c       0x2c d:/st/stm32cubeide_1.0.2/stm32cubeide/plugins/com.st.stm32cube.ide.mcu.externaltools.gnu-tools-for-stm32.7-2018-q2-update.win32_1.0.0.201904181610/tools/bin/../lib/gcc/arm-none-eabi/7.3.1/../../../../arm-none-eabi/lib/thumb/v6-m\libc_nano.a(lib_a-nano-reallocr.o)
 .ARM.attributes
                0x0000000000000838       0x2c d:/st/stm32cubeide_1.0.2/stm32cubeide/plugins/com.st.stm32cube.ide.mcu.externaltools.gnu-tools-for-stm32.7-2018-q2-update.win32_1.0.0.201904181610/tools/bin/../lib/gcc/arm-none-eabi/7.3.1/../../../../arm-none-eabi/lib/thumb/v6-m\libc_nano.a(lib_a-nano-msizer.o)
 .ARM.attributes
                0x0000000000000864       0x1e d:/st/stm32cubeide_1.0.2/stm32cubeide/plugins/com.st.stm32cube.ide.mcu.externaltools.gnu-tools-for-stm32.7-2018-q2-update.win32_1.0.0.201904181610/tools/bin/../lib/gcc/arm-none-eabi/7.3.1/thumb/v6-m\libgcc.a(_udivsi3.o)
 .ARM.attributes
                0x0000000000000882       0x1e d:/st/stm32cubeide_1.0.2/stm32cubeide/plugins/com.st.stm32cube.ide.mcu.externaltools.gnu-tools-for-stm32.7-2018-q2-update.win32_1.0.0.201904181610/tools/bin/../lib/gcc/arm-none-eabi/7.3.1/thumb/v6-m\libgcc.a(_divsi3.o)
 .ARM.attributes
                0x00000000000008a0       0x1e d:/st/stm32cubeide_1.0.2/stm32cubeide/plugins/com.st.stm32cube.ide.mcu.externaltools.gnu-tools-for-stm32.7-2018-q2-update.win32_1.0.0.201904181610/tools/bin/../lib/gcc/arm-none-eabi/7.3.1/thumb/v6-m\libgcc.a(_dvmd_tls.o)
 .ARM.attributes
                0x00000000000008be       0x2c d:/st/stm32cubeide_1.0.2/stm32cubeide/plugins/com.st.stm32cube.ide.mcu.externaltools.gnu-tools-for-stm32.7-2018-q2-update.win32_1.0.0.201904181610/tools/bin/../lib/gcc/arm-none-eabi/7.3.1/thumb/v6-m\libgcc.a(_fixunssfsi.o)
 .ARM.attributes
                0x00000000000008ea       0x2c d:/st/stm32cubeide_1.0.2/stm32cubeide/plugins/com.st.stm32cube.ide.mcu.externaltools.gnu-tools-for-stm32.7-2018-q2-update.win32_1.0.0.201904181610/tools/bin/../lib/gcc/arm-none-eabi/7.3.1/thumb/v6-m\libgcc.a(addsf3.o)
 .ARM.attributes
                0x0000000000000916       0x2c d:/st/stm32cubeide_1.0.2/stm32cubeide/plugins/com.st.stm32cube.ide.mcu.externaltools.gnu-tools-for-stm32.7-2018-q2-update.win32_1.0.0.201904181610/tools/bin/../lib/gcc/arm-none-eabi/7.3.1/thumb/v6-m\libgcc.a(divsf3.o)
 .ARM.attributes
                0x0000000000000942       0x2c d:/st/stm32cubeide_1.0.2/stm32cubeide/plugins/com.st.stm32cube.ide.mcu.externaltools.gnu-tools-for-stm32.7-2018-q2-update.win32_1.0.0.201904181610/tools/bin/../lib/gcc/arm-none-eabi/7.3.1/thumb/v6-m\libgcc.a(mulsf3.o)
 .ARM.attributes
                0x000000000000096e       0x2c d:/st/stm32cubeide_1.0.2/stm32cubeide/plugins/com.st.stm32cube.ide.mcu.externaltools.gnu-tools-for-stm32.7-2018-q2-update.win32_1.0.0.201904181610/tools/bin/../lib/gcc/arm-none-eabi/7.3.1/thumb/v6-m\libgcc.a(subsf3.o)
 .ARM.attributes
                0x000000000000099a       0x2c d:/st/stm32cubeide_1.0.2/stm32cubeide/plugins/com.st.stm32cube.ide.mcu.externaltools.gnu-tools-for-stm32.7-2018-q2-update.win32_1.0.0.201904181610/tools/bin/../lib/gcc/arm-none-eabi/7.3.1/thumb/v6-m\libgcc.a(fixsfsi.o)
 .ARM.attributes
                0x00000000000009c6       0x2c d:/st/stm32cubeide_1.0.2/stm32cubeide/plugins/com.st.stm32cube.ide.mcu.externaltools.gnu-tools-for-stm32.7-2018-q2-update.win32_1.0.0.201904181610/tools/bin/../lib/gcc/arm-none-eabi/7.3.1/thumb/v6-m\libgcc.a(floatsisf.o)
 .ARM.attributes
                0x00000000000009f2       0x1e d:/st/stm32cubeide_1.0.2/stm32cubeide/plugins/com.st.stm32cube.ide.mcu.externaltools.gnu-tools-for-stm32.7-2018-q2-update.win32_1.0.0.201904181610/tools/bin/../lib/gcc/arm-none-eabi/7.3.1/thumb/v6-m\libgcc.a(_arm_cmpsf2.o)
 .ARM.attributes
                0x0000000000000a10       0x1e d:/st/stm32cubeide_1.0.2/stm32cubeide/plugins/com.st.stm32cube.ide.mcu.externaltools.gnu-tools-for-stm32.7-2018-q2-update.win32_1.0.0.201904181610/tools/bin/../lib/gcc/arm-none-eabi/7.3.1/thumb/v6-m\libgcc.a(_clzsi2.o)
 .ARM.attributes
                0x0000000000000a2e       0x2c d:/st/stm32cubeide_1.0.2/stm32cubeide/plugins/com.st.stm32cube.ide.mcu.externaltools.gnu-tools-for-stm32.7-2018-q2-update.win32_1.0.0.201904181610/tools/bin/../lib/gcc/arm-none-eabi/7.3.1/thumb/v6-m\libgcc.a(eqsf2.o)
 .ARM.attributes
                0x0000000000000a5a       0x2c d:/st/stm32cubeide_1.0.2/stm32cubeide/plugins/com.st.stm32cube.ide.mcu.externaltools.gnu-tools-for-stm32.7-2018-q2-update.win32_1.0.0.201904181610/tools/bin/../lib/gcc/arm-none-eabi/7.3.1/thumb/v6-m\libgcc.a(gesf2.o)
 .ARM.attributes
                0x0000000000000a86       0x2c d:/st/stm32cubeide_1.0.2/stm32cubeide/plugins/com.st.stm32cube.ide.mcu.externaltools.gnu-tools-for-stm32.7-2018-q2-update.win32_1.0.0.201904181610/tools/bin/../lib/gcc/arm-none-eabi/7.3.1/thumb/v6-m\libgcc.a(lesf2.o)
 .ARM.attributes
                0x0000000000000ab2       0x1e d:/st/stm32cubeide_1.0.2/stm32cubeide/plugins/com.st.stm32cube.ide.mcu.externaltools.gnu-tools-for-stm32.7-2018-q2-update.win32_1.0.0.201904181610/tools/bin/../lib/gcc/arm-none-eabi/7.3.1/thumb/v6-m/crtn.o
OUTPUT(TFT_Test.elf elf32-littlearm)

.debug_info     0x0000000000000000    0x1976f
 .debug_info    0x0000000000000000      0xdf3 Drivers/STM32F0xx_HAL_Driver/Src/stm32f0xx_hal.o
 .debug_info    0x0000000000000df3      0xf39 Drivers/STM32F0xx_HAL_Driver/Src/stm32f0xx_hal_cortex.o
 .debug_info    0x0000000000001d2c      0xe52 Drivers/STM32F0xx_HAL_Driver/Src/stm32f0xx_hal_gpio.o
 .debug_info    0x0000000000002b7e      0xfa8 Drivers/STM32F0xx_HAL_Driver/Src/stm32f0xx_hal_rcc.o
 .debug_info    0x0000000000003b26      0xe34 Drivers/STM32F0xx_HAL_Driver/Src/stm32f0xx_hal_rcc_ex.o
 .debug_info    0x000000000000495a     0x1d8b Drivers/STM32F0xx_HAL_Driver/Src/stm32f0xx_hal_spi.o
 .debug_info    0x00000000000066e5     0x2a96 Drivers/STM32F0xx_HAL_Driver/Src/stm32f0xx_hal_tim.o
 .debug_info    0x000000000000917b     0x1842 Drivers/STM32F0xx_HAL_Driver/Src/stm32f0xx_hal_tim_ex.o
 .debug_info    0x000000000000a9bd     0x248c Src/main.o
 .debug_info    0x000000000000ce49     0x1433 Src/stm32f0xx_hal_msp.o
 .debug_info    0x000000000000e27c     0x11d1 Src/stm32f0xx_it.o
 .debug_info    0x000000000000f44d      0xebd Src/syscalls.o
 .debug_info    0x000000000001030a      0x91c Src/sysmem.o
 .debug_info    0x0000000000010c26      0xa60 Src/system_stm32f0xx.o
 .debug_info    0x0000000000011686      0xbb5 Src/rotary-encoder/generic-rotary-encoder.o
 .debug_info    0x000000000001223b     0x15c1 Src/rotary-encoder/selection-encoder.o
 .debug_info    0x00000000000137fc      0xdea Src/switch-debouncer/sw-debounce.o
 .debug_info    0x00000000000145e6     0x1a02 Src/tft-display-code/gfx.o
 .debug_info    0x0000000000015fe8      0xbb3 Src/tft-display-code/hspi.o
 .debug_info    0x0000000000016b9b     0x17ae Src/tft-display-code/quarter-sorter-specific.o
 .debug_info    0x0000000000018349     0x1404 Src/tft-display-code/text-box.o
 .debug_info    0x000000000001974d       0x22 Startup/startup_stm32f072rbtx.o

.debug_abbrev   0x0000000000000000     0x3d69
 .debug_abbrev  0x0000000000000000      0x26b Drivers/STM32F0xx_HAL_Driver/Src/stm32f0xx_hal.o
 .debug_abbrev  0x000000000000026b      0x314 Drivers/STM32F0xx_HAL_Driver/Src/stm32f0xx_hal_cortex.o
 .debug_abbrev  0x000000000000057f      0x251 Drivers/STM32F0xx_HAL_Driver/Src/stm32f0xx_hal_gpio.o
 .debug_abbrev  0x00000000000007d0      0x286 Drivers/STM32F0xx_HAL_Driver/Src/stm32f0xx_hal_rcc.o
 .debug_abbrev  0x0000000000000a56      0x25a Drivers/STM32F0xx_HAL_Driver/Src/stm32f0xx_hal_rcc_ex.o
 .debug_abbrev  0x0000000000000cb0      0x299 Drivers/STM32F0xx_HAL_Driver/Src/stm32f0xx_hal_spi.o
 .debug_abbrev  0x0000000000000f49      0x2b2 Drivers/STM32F0xx_HAL_Driver/Src/stm32f0xx_hal_tim.o
 .debug_abbrev  0x00000000000011fb      0x28f Drivers/STM32F0xx_HAL_Driver/Src/stm32f0xx_hal_tim_ex.o
 .debug_abbrev  0x000000000000148a      0x417 Src/main.o
 .debug_abbrev  0x00000000000018a1      0x222 Src/stm32f0xx_hal_msp.o
 .debug_abbrev  0x0000000000001ac3      0x33d Src/stm32f0xx_it.o
 .debug_abbrev  0x0000000000001e00      0x261 Src/syscalls.o
 .debug_abbrev  0x0000000000002061      0x1bb Src/sysmem.o
 .debug_abbrev  0x000000000000221c      0x1cd Src/system_stm32f0xx.o
 .debug_abbrev  0x00000000000023e9      0x2bd Src/rotary-encoder/generic-rotary-encoder.o
 .debug_abbrev  0x00000000000026a6      0x42d Src/rotary-encoder/selection-encoder.o
 .debug_abbrev  0x0000000000002ad3      0x2d3 Src/switch-debouncer/sw-debounce.o
 .debug_abbrev  0x0000000000002da6      0x55e Src/tft-display-code/gfx.o
 .debug_abbrev  0x0000000000003304      0x20a Src/tft-display-code/hspi.o
 .debug_abbrev  0x000000000000350e      0x411 Src/tft-display-code/quarter-sorter-specific.o
 .debug_abbrev  0x000000000000391f      0x438 Src/tft-display-code/text-box.o
 .debug_abbrev  0x0000000000003d57       0x12 Startup/startup_stm32f072rbtx.o

.debug_aranges  0x0000000000000000      0xdd8
 .debug_aranges
                0x0000000000000000       0xb8 Drivers/STM32F0xx_HAL_Driver/Src/stm32f0xx_hal.o
 .debug_aranges
                0x00000000000000b8       0xc0 Drivers/STM32F0xx_HAL_Driver/Src/stm32f0xx_hal_cortex.o
 .debug_aranges
                0x0000000000000178       0x58 Drivers/STM32F0xx_HAL_Driver/Src/stm32f0xx_hal_gpio.o
 .debug_aranges
                0x00000000000001d0       0x80 Drivers/STM32F0xx_HAL_Driver/Src/stm32f0xx_hal_rcc.o
 .debug_aranges
                0x0000000000000250       0x78 Drivers/STM32F0xx_HAL_Driver/Src/stm32f0xx_hal_rcc_ex.o
 .debug_aranges
                0x00000000000002c8      0x1d8 Drivers/STM32F0xx_HAL_Driver/Src/stm32f0xx_hal_spi.o
 .debug_aranges
                0x00000000000004a0      0x378 Drivers/STM32F0xx_HAL_Driver/Src/stm32f0xx_hal_tim.o
 .debug_aranges
                0x0000000000000818      0x148 Drivers/STM32F0xx_HAL_Driver/Src/stm32f0xx_hal_tim_ex.o
 .debug_aranges
                0x0000000000000960       0x48 Src/main.o
 .debug_aranges
                0x00000000000009a8       0x40 Src/stm32f0xx_hal_msp.o
 .debug_aranges
                0x00000000000009e8       0x58 Src/stm32f0xx_it.o
 .debug_aranges
                0x0000000000000a40       0xa8 Src/syscalls.o
 .debug_aranges
                0x0000000000000ae8       0x20 Src/sysmem.o
 .debug_aranges
                0x0000000000000b08       0x28 Src/system_stm32f0xx.o
 .debug_aranges
                0x0000000000000b30       0x28 Src/rotary-encoder/generic-rotary-encoder.o
 .debug_aranges
                0x0000000000000b58       0x50 Src/rotary-encoder/selection-encoder.o
 .debug_aranges
                0x0000000000000ba8       0x40 Src/switch-debouncer/sw-debounce.o
 .debug_aranges
                0x0000000000000be8       0xa8 Src/tft-display-code/gfx.o
 .debug_aranges
                0x0000000000000c90       0x58 Src/tft-display-code/hspi.o
 .debug_aranges
                0x0000000000000ce8       0x90 Src/tft-display-code/quarter-sorter-specific.o
 .debug_aranges
                0x0000000000000d78       0x38 Src/tft-display-code/text-box.o
 .debug_aranges
                0x0000000000000db0       0x28 Startup/startup_stm32f072rbtx.o

.debug_ranges   0x0000000000000000      0xc80
 .debug_ranges  0x0000000000000000       0xa8 Drivers/STM32F0xx_HAL_Driver/Src/stm32f0xx_hal.o
 .debug_ranges  0x00000000000000a8       0xb0 Drivers/STM32F0xx_HAL_Driver/Src/stm32f0xx_hal_cortex.o
 .debug_ranges  0x0000000000000158       0x48 Drivers/STM32F0xx_HAL_Driver/Src/stm32f0xx_hal_gpio.o
 .debug_ranges  0x00000000000001a0       0x70 Drivers/STM32F0xx_HAL_Driver/Src/stm32f0xx_hal_rcc.o
 .debug_ranges  0x0000000000000210       0x68 Drivers/STM32F0xx_HAL_Driver/Src/stm32f0xx_hal_rcc_ex.o
 .debug_ranges  0x0000000000000278      0x1c8 Drivers/STM32F0xx_HAL_Driver/Src/stm32f0xx_hal_spi.o
 .debug_ranges  0x0000000000000440      0x368 Drivers/STM32F0xx_HAL_Driver/Src/stm32f0xx_hal_tim.o
 .debug_ranges  0x00000000000007a8      0x138 Drivers/STM32F0xx_HAL_Driver/Src/stm32f0xx_hal_tim_ex.o
 .debug_ranges  0x00000000000008e0       0x38 Src/main.o
 .debug_ranges  0x0000000000000918       0x30 Src/stm32f0xx_hal_msp.o
 .debug_ranges  0x0000000000000948       0x48 Src/stm32f0xx_it.o
 .debug_ranges  0x0000000000000990       0x98 Src/syscalls.o
 .debug_ranges  0x0000000000000a28       0x10 Src/sysmem.o
 .debug_ranges  0x0000000000000a38       0x18 Src/system_stm32f0xx.o
 .debug_ranges  0x0000000000000a50       0x18 Src/rotary-encoder/generic-rotary-encoder.o
 .debug_ranges  0x0000000000000a68       0x40 Src/rotary-encoder/selection-encoder.o
 .debug_ranges  0x0000000000000aa8       0x30 Src/switch-debouncer/sw-debounce.o
 .debug_ranges  0x0000000000000ad8       0x98 Src/tft-display-code/gfx.o
 .debug_ranges  0x0000000000000b70       0x48 Src/tft-display-code/hspi.o
 .debug_ranges  0x0000000000000bb8       0x80 Src/tft-display-code/quarter-sorter-specific.o
 .debug_ranges  0x0000000000000c38       0x28 Src/tft-display-code/text-box.o
 .debug_ranges  0x0000000000000c60       0x20 Startup/startup_stm32f072rbtx.o

.debug_macro    0x0000000000000000    0x1b8f4
 .debug_macro   0x0000000000000000      0x340 Drivers/STM32F0xx_HAL_Driver/Src/stm32f0xx_hal.o
 .debug_macro   0x0000000000000340      0xa48 Drivers/STM32F0xx_HAL_Driver/Src/stm32f0xx_hal.o
 .debug_macro   0x0000000000000d88       0xb7 Drivers/STM32F0xx_HAL_Driver/Src/stm32f0xx_hal.o
 .debug_macro   0x0000000000000e3f       0x2e Drivers/STM32F0xx_HAL_Driver/Src/stm32f0xx_hal.o
 .debug_macro   0x0000000000000e6d       0x22 Drivers/STM32F0xx_HAL_Driver/Src/stm32f0xx_hal.o
 .debug_macro   0x0000000000000e8f       0x22 Drivers/STM32F0xx_HAL_Driver/Src/stm32f0xx_hal.o
 .debug_macro   0x0000000000000eb1       0x8e Drivers/STM32F0xx_HAL_Driver/Src/stm32f0xx_hal.o
 .debug_macro   0x0000000000000f3f       0x51 Drivers/STM32F0xx_HAL_Driver/Src/stm32f0xx_hal.o
 .debug_macro   0x0000000000000f90       0xef Drivers/STM32F0xx_HAL_Driver/Src/stm32f0xx_hal.o
 .debug_macro   0x000000000000107f       0x6a Drivers/STM32F0xx_HAL_Driver/Src/stm32f0xx_hal.o
 .debug_macro   0x00000000000010e9      0x1df Drivers/STM32F0xx_HAL_Driver/Src/stm32f0xx_hal.o
 .debug_macro   0x00000000000012c8       0x34 Drivers/STM32F0xx_HAL_Driver/Src/stm32f0xx_hal.o
 .debug_macro   0x00000000000012fc       0x26 Drivers/STM32F0xx_HAL_Driver/Src/stm32f0xx_hal.o
 .debug_macro   0x0000000000001322      0x30d Drivers/STM32F0xx_HAL_Driver/Src/stm32f0xx_hal.o
 .debug_macro   0x000000000000162f     0xfe50 Drivers/STM32F0xx_HAL_Driver/Src/stm32f0xx_hal.o
 .debug_macro   0x000000000001147f       0x3c Drivers/STM32F0xx_HAL_Driver/Src/stm32f0xx_hal.o
 .debug_macro   0x00000000000114bb       0x46 Drivers/STM32F0xx_HAL_Driver/Src/stm32f0xx_hal.o
 .debug_macro   0x0000000000011501       0x18 Drivers/STM32F0xx_HAL_Driver/Src/stm32f0xx_hal.o
 .debug_macro   0x0000000000011519       0x3c Drivers/STM32F0xx_HAL_Driver/Src/stm32f0xx_hal.o
 .debug_macro   0x0000000000011555       0x34 Drivers/STM32F0xx_HAL_Driver/Src/stm32f0xx_hal.o
 .debug_macro   0x0000000000011589       0x16 Drivers/STM32F0xx_HAL_Driver/Src/stm32f0xx_hal.o
 .debug_macro   0x000000000001159f       0x97 Drivers/STM32F0xx_HAL_Driver/Src/stm32f0xx_hal.o
 .debug_macro   0x0000000000011636      0x330 Drivers/STM32F0xx_HAL_Driver/Src/stm32f0xx_hal.o
 .debug_macro   0x0000000000011966       0xfd Drivers/STM32F0xx_HAL_Driver/Src/stm32f0xx_hal.o
 .debug_macro   0x0000000000011a63       0x10 Drivers/STM32F0xx_HAL_Driver/Src/stm32f0xx_hal.o
 .debug_macro   0x0000000000011a73       0x52 Drivers/STM32F0xx_HAL_Driver/Src/stm32f0xx_hal.o
 .debug_macro   0x0000000000011ac5       0x1f Drivers/STM32F0xx_HAL_Driver/Src/stm32f0xx_hal.o
 .debug_macro   0x0000000000011ae4       0x43 Drivers/STM32F0xx_HAL_Driver/Src/stm32f0xx_hal.o
 .debug_macro   0x0000000000011b27       0x20 Drivers/STM32F0xx_HAL_Driver/Src/stm32f0xx_hal.o
 .debug_macro   0x0000000000011b47      0x1a3 Drivers/STM32F0xx_HAL_Driver/Src/stm32f0xx_hal.o
 .debug_macro   0x0000000000011cea       0x10 Drivers/STM32F0xx_HAL_Driver/Src/stm32f0xx_hal.o
 .debug_macro   0x0000000000011cfa       0x1c Drivers/STM32F0xx_HAL_Driver/Src/stm32f0xx_hal.o
 .debug_macro   0x0000000000011d16       0x52 Drivers/STM32F0xx_HAL_Driver/Src/stm32f0xx_hal.o
 .debug_macro   0x0000000000011d68       0x40 Drivers/STM32F0xx_HAL_Driver/Src/stm32f0xx_hal.o
 .debug_macro   0x0000000000011da8       0x10 Drivers/STM32F0xx_HAL_Driver/Src/stm32f0xx_hal.o
 .debug_macro   0x0000000000011db8       0x40 Drivers/STM32F0xx_HAL_Driver/Src/stm32f0xx_hal.o
 .debug_macro   0x0000000000011df8       0xd7 Drivers/STM32F0xx_HAL_Driver/Src/stm32f0xx_hal.o
 .debug_macro   0x0000000000011ecf       0x1c Drivers/STM32F0xx_HAL_Driver/Src/stm32f0xx_hal.o
 .debug_macro   0x0000000000011eeb       0x3d Drivers/STM32F0xx_HAL_Driver/Src/stm32f0xx_hal.o
 .debug_macro   0x0000000000011f28       0x16 Drivers/STM32F0xx_HAL_Driver/Src/stm32f0xx_hal.o
 .debug_macro   0x0000000000011f3e      0x145 Drivers/STM32F0xx_HAL_Driver/Src/stm32f0xx_hal.o
 .debug_macro   0x0000000000012083       0x50 Drivers/STM32F0xx_HAL_Driver/Src/stm32f0xx_hal.o
 .debug_macro   0x00000000000120d3      0x951 Drivers/STM32F0xx_HAL_Driver/Src/stm32f0xx_hal.o
 .debug_macro   0x0000000000012a24      0x5f3 Drivers/STM32F0xx_HAL_Driver/Src/stm32f0xx_hal.o
 .debug_macro   0x0000000000013017      0x13a Drivers/STM32F0xx_HAL_Driver/Src/stm32f0xx_hal.o
 .debug_macro   0x0000000000013151      0x1a7 Drivers/STM32F0xx_HAL_Driver/Src/stm32f0xx_hal.o
 .debug_macro   0x00000000000132f8      0x22c Drivers/STM32F0xx_HAL_Driver/Src/stm32f0xx_hal.o
 .debug_macro   0x0000000000013524       0x34 Drivers/STM32F0xx_HAL_Driver/Src/stm32f0xx_hal.o
 .debug_macro   0x0000000000013558       0x43 Drivers/STM32F0xx_HAL_Driver/Src/stm32f0xx_hal.o
 .debug_macro   0x000000000001359b       0x28 Drivers/STM32F0xx_HAL_Driver/Src/stm32f0xx_hal.o
 .debug_macro   0x00000000000135c3       0xb6 Drivers/STM32F0xx_HAL_Driver/Src/stm32f0xx_hal.o
 .debug_macro   0x0000000000013679      0x217 Drivers/STM32F0xx_HAL_Driver/Src/stm32f0xx_hal.o
 .debug_macro   0x0000000000013890      0x202 Drivers/STM32F0xx_HAL_Driver/Src/stm32f0xx_hal.o
 .debug_macro   0x0000000000013a92       0x61 Drivers/STM32F0xx_HAL_Driver/Src/stm32f0xx_hal.o
 .debug_macro   0x0000000000013af3       0x90 Drivers/STM32F0xx_HAL_Driver/Src/stm32f0xx_hal.o
 .debug_macro   0x0000000000013b83       0x4d Drivers/STM32F0xx_HAL_Driver/Src/stm32f0xx_hal.o
 .debug_macro   0x0000000000013bd0      0x16d Drivers/STM32F0xx_HAL_Driver/Src/stm32f0xx_hal.o
 .debug_macro   0x0000000000013d3d      0x2f0 Drivers/STM32F0xx_HAL_Driver/Src/stm32f0xx_hal.o
 .debug_macro   0x000000000001402d      0x845 Drivers/STM32F0xx_HAL_Driver/Src/stm32f0xx_hal.o
 .debug_macro   0x0000000000014872       0x4c Drivers/STM32F0xx_HAL_Driver/Src/stm32f0xx_hal.o
 .debug_macro   0x00000000000148be      0x38a Drivers/STM32F0xx_HAL_Driver/Src/stm32f0xx_hal.o
 .debug_macro   0x0000000000014c48      0x209 Drivers/STM32F0xx_HAL_Driver/Src/stm32f0xx_hal.o
 .debug_macro   0x0000000000014e51      0x129 Drivers/STM32F0xx_HAL_Driver/Src/stm32f0xx_hal.o
 .debug_macro   0x0000000000014f7a      0x31c Drivers/STM32F0xx_HAL_Driver/Src/stm32f0xx_hal_cortex.o
 .debug_macro   0x0000000000015296      0x354 Drivers/STM32F0xx_HAL_Driver/Src/stm32f0xx_hal_gpio.o
 .debug_macro   0x00000000000155ea      0x32e Drivers/STM32F0xx_HAL_Driver/Src/stm32f0xx_hal_rcc.o
 .debug_macro   0x0000000000015918      0x32e Drivers/STM32F0xx_HAL_Driver/Src/stm32f0xx_hal_rcc_ex.o
 .debug_macro   0x0000000000015c46      0x324 Drivers/STM32F0xx_HAL_Driver/Src/stm32f0xx_hal_spi.o
 .debug_macro   0x0000000000015f6a      0x31c Drivers/STM32F0xx_HAL_Driver/Src/stm32f0xx_hal_tim.o
 .debug_macro   0x0000000000016286      0x31c Drivers/STM32F0xx_HAL_Driver/Src/stm32f0xx_hal_tim_ex.o
 .debug_macro   0x00000000000165a2      0x3f4 Src/main.o
 .debug_macro   0x0000000000016996      0xb1a Src/main.o
 .debug_macro   0x00000000000174b0       0x1c Src/main.o
 .debug_macro   0x00000000000174cc      0x30d Src/main.o
 .debug_macro   0x00000000000177d9       0x34 Src/main.o
 .debug_macro   0x000000000001780d       0x97 Src/main.o
 .debug_macro   0x00000000000178a4      0x353 Src/main.o
 .debug_macro   0x0000000000017bf7      0x104 Src/main.o
 .debug_macro   0x0000000000017cfb       0x43 Src/main.o
 .debug_macro   0x0000000000017d3e      0x137 Src/main.o
 .debug_macro   0x0000000000017e75       0x88 Src/main.o
 .debug_macro   0x0000000000017efd      0x168 Src/main.o
 .debug_macro   0x0000000000018065       0x10 Src/main.o
 .debug_macro   0x0000000000018075      0x3ed Src/main.o
 .debug_macro   0x0000000000018462       0x28 Src/main.o
 .debug_macro   0x000000000001848a       0x41 Src/main.o
 .debug_macro   0x00000000000184cb       0x12 Src/main.o
 .debug_macro   0x00000000000184dd       0x20 Src/main.o
 .debug_macro   0x00000000000184fd       0xc4 Src/main.o
 .debug_macro   0x00000000000185c1      0x32b Src/stm32f0xx_hal_msp.o
 .debug_macro   0x00000000000188ec      0x3f0 Src/stm32f0xx_it.o
 .debug_macro   0x0000000000018cdc      0x243 Src/syscalls.o
 .debug_macro   0x0000000000018f1f       0x40 Src/syscalls.o
 .debug_macro   0x0000000000018f5f       0x94 Src/syscalls.o
 .debug_macro   0x0000000000018ff3       0x57 Src/syscalls.o
 .debug_macro   0x000000000001904a      0x174 Src/syscalls.o
 .debug_macro   0x00000000000191be       0x10 Src/syscalls.o
 .debug_macro   0x00000000000191ce       0x35 Src/syscalls.o
 .debug_macro   0x0000000000019203       0x10 Src/syscalls.o
 .debug_macro   0x0000000000019213       0x10 Src/syscalls.o
 .debug_macro   0x0000000000019223       0x35 Src/syscalls.o
 .debug_macro   0x0000000000019258      0x122 Src/syscalls.o
 .debug_macro   0x000000000001937a       0x16 Src/syscalls.o
 .debug_macro   0x0000000000019390       0x16 Src/syscalls.o
 .debug_macro   0x00000000000193a6       0x29 Src/syscalls.o
 .debug_macro   0x00000000000193cf       0x10 Src/syscalls.o
 .debug_macro   0x00000000000193df      0x241 Src/syscalls.o
 .debug_macro   0x0000000000019620       0x1c Src/syscalls.o
 .debug_macro   0x000000000001963c       0x10 Src/syscalls.o
 .debug_macro   0x000000000001964c      0x189 Src/syscalls.o
 .debug_macro   0x00000000000197d5       0x16 Src/syscalls.o
 .debug_macro   0x00000000000197eb       0x88 Src/syscalls.o
 .debug_macro   0x0000000000019873      0x1ae Src/sysmem.o
 .debug_macro   0x0000000000019a21      0x23b Src/sysmem.o
 .debug_macro   0x0000000000019c5c      0x31c Src/system_stm32f0xx.o
 .debug_macro   0x0000000000019f78      0x370 Src/rotary-encoder/generic-rotary-encoder.o
 .debug_macro   0x000000000001a2e8      0x3dc Src/rotary-encoder/selection-encoder.o
 .debug_macro   0x000000000001a6c4      0x33a Src/switch-debouncer/sw-debounce.o
 .debug_macro   0x000000000001a9fe      0x3cc Src/tft-display-code/gfx.o
 .debug_macro   0x000000000001adca      0x33e Src/tft-display-code/hspi.o
 .debug_macro   0x000000000001b108       0x52 Src/tft-display-code/hspi.o
 .debug_macro   0x000000000001b15a      0x3e0 Src/tft-display-code/quarter-sorter-specific.o
 .debug_macro   0x000000000001b53a      0x3ba Src/tft-display-code/text-box.o

.debug_line     0x0000000000000000     0xfb72
 .debug_line    0x0000000000000000      0x9f5 Drivers/STM32F0xx_HAL_Driver/Src/stm32f0xx_hal.o
 .debug_line    0x00000000000009f5      0xa47 Drivers/STM32F0xx_HAL_Driver/Src/stm32f0xx_hal_cortex.o
 .debug_line    0x000000000000143c      0xa10 Drivers/STM32F0xx_HAL_Driver/Src/stm32f0xx_hal_gpio.o
 .debug_line    0x0000000000001e4c      0xb08 Drivers/STM32F0xx_HAL_Driver/Src/stm32f0xx_hal_rcc.o
 .debug_line    0x0000000000002954      0xad0 Drivers/STM32F0xx_HAL_Driver/Src/stm32f0xx_hal_rcc_ex.o