quarter-sorter-specific.cpp:25:6:void GUI_API::resetSelectionGUI(TFT_GFX&, TFT_TEXT_BOX&, TFT_TEXT_BOX&, TFT_TEXT_BOX&, uint16_t, uint16_t, uint16_t, uint16_t, uint8_t, uint8_t&)	40	static
quarter-sorter-specific.cpp:34:6:void GUI_API::drawSelectionLines(TFT_GFX&, uint16_t, uint16_t, uint16_t, uint16_t)	56	static
quarter-sorter-specific.cpp:47:6:void GUI_API::writeSelectionWords(TFT_TEXT_BOX&, TFT_TEXT_BOX&, TFT_TEXT_BOX&, uint16_t, uint8_t)	32	static
quarter-sorter-specific.cpp:55:6:void GUI_API::printCurrentState(CHOSEN_STATE_TEXT_BOX*, uint8_t&, SELECTION_ENCODER*)	32	static
quarter-sorter-specific.cpp:66:6:void GUI_API::displayInProgress(TFT_GFX&, TFT_TEXT_BOX&, uint16_t, uint16_t, uint16_t, uint16_t)	80	static
quarter-sorter-specific.cpp:77:1:CHOSEN_STATE_TEXT_BOX::CHOSEN_STATE_TEXT_BOX(uint8_t, uint16_t, uint8_t, const TFT_TEXT_BOX&)	24	static
quarter-sorter-specific.cpp:82:1:CHOSEN_STATE_TEXT_BOX::CHOSEN_STATE_TEXT_BOX()	16	static
quarter-sorter-specific.cpp:86:6:void CHOSEN_STATE_TEXT_BOX::printState(const char*)	48	static
quarter-sorter-specific.cpp:94:13:const char* CHOSEN_STATE_TEXT_BOX::getCurrentText()	16	static
